Archive member included to satisfy reference by file (symbol)

/Applications/ArmGNUToolchain/14.2.rel1/arm-none-eabi/bin/../lib/gcc/arm-none-eabi/14.2.1/../../../../arm-none-eabi/lib/thumb/v7e-m+fp/hard/libc_nano.a(libc_a-exit.o)
                              /Applications/ArmGNUToolchain/14.2.rel1/arm-none-eabi/bin/../lib/gcc/arm-none-eabi/14.2.1/../../../../arm-none-eabi/lib/thumb/v7e-m+fp/hard/crt0.o (exit)
/Applications/ArmGNUToolchain/14.2.rel1/arm-none-eabi/bin/../lib/gcc/arm-none-eabi/14.2.1/../../../../arm-none-eabi/lib/thumb/v7e-m+fp/hard/libc_nano.a(libc_a-findfp.o)
                              /Applications/ArmGNUToolchain/14.2.rel1/arm-none-eabi/bin/../lib/gcc/arm-none-eabi/14.2.1/../../../../arm-none-eabi/lib/thumb/v7e-m+fp/hard/libc_nano.a(libc_a-exit.o) (__stdio_exit_handler)
/Applications/ArmGNUToolchain/14.2.rel1/arm-none-eabi/bin/../lib/gcc/arm-none-eabi/14.2.1/../../../../arm-none-eabi/lib/thumb/v7e-m+fp/hard/libc_nano.a(libc_a-fwalk.o)
                              /Applications/ArmGNUToolchain/14.2.rel1/arm-none-eabi/bin/../lib/gcc/arm-none-eabi/14.2.1/../../../../arm-none-eabi/lib/thumb/v7e-m+fp/hard/libc_nano.a(libc_a-findfp.o) (_fwalk_sglue)
/Applications/ArmGNUToolchain/14.2.rel1/arm-none-eabi/bin/../lib/gcc/arm-none-eabi/14.2.1/../../../../arm-none-eabi/lib/thumb/v7e-m+fp/hard/libc_nano.a(libc_a-memset.o)
                              /Applications/ArmGNUToolchain/14.2.rel1/arm-none-eabi/bin/../lib/gcc/arm-none-eabi/14.2.1/../../../../arm-none-eabi/lib/thumb/v7e-m+fp/hard/crt0.o (memset)
/Applications/ArmGNUToolchain/14.2.rel1/arm-none-eabi/bin/../lib/gcc/arm-none-eabi/14.2.1/../../../../arm-none-eabi/lib/thumb/v7e-m+fp/hard/libc_nano.a(libc_a-init.o)
                              /Applications/ArmGNUToolchain/14.2.rel1/arm-none-eabi/bin/../lib/gcc/arm-none-eabi/14.2.1/../../../../arm-none-eabi/lib/thumb/v7e-m+fp/hard/crt0.o (__libc_init_array)
/Applications/ArmGNUToolchain/14.2.rel1/arm-none-eabi/bin/../lib/gcc/arm-none-eabi/14.2.1/../../../../arm-none-eabi/lib/thumb/v7e-m+fp/hard/libc_nano.a(libc_a-lock.o)
                              /Applications/ArmGNUToolchain/14.2.rel1/arm-none-eabi/bin/../lib/gcc/arm-none-eabi/14.2.1/../../../../arm-none-eabi/lib/thumb/v7e-m+fp/hard/libc_nano.a(libc_a-findfp.o) (__retarget_lock_init_recursive)
/Applications/ArmGNUToolchain/14.2.rel1/arm-none-eabi/bin/../lib/gcc/arm-none-eabi/14.2.1/../../../../arm-none-eabi/lib/thumb/v7e-m+fp/hard/libc_nano.a(libc_a-impure.o)
                              /Applications/ArmGNUToolchain/14.2.rel1/arm-none-eabi/bin/../lib/gcc/arm-none-eabi/14.2.1/../../../../arm-none-eabi/lib/thumb/v7e-m+fp/hard/libc_nano.a(libc_a-findfp.o) (_impure_data)
/Applications/ArmGNUToolchain/14.2.rel1/arm-none-eabi/bin/../lib/gcc/arm-none-eabi/14.2.1/../../../../arm-none-eabi/lib/thumb/v7e-m+fp/hard/libc_nano.a(libc_a-memcpy-stub.o)
                              build/queue.o (memcpy)
/Applications/ArmGNUToolchain/14.2.rel1/arm-none-eabi/bin/../lib/gcc/arm-none-eabi/14.2.1/../../../../arm-none-eabi/lib/thumb/v7e-m+fp/hard/libc_nano.a(libc_a-mallocr.o)
                              /Applications/ArmGNUToolchain/14.2.rel1/arm-none-eabi/bin/../lib/gcc/arm-none-eabi/14.2.1/../../../../arm-none-eabi/lib/thumb/v7e-m+fp/hard/libc_nano.a(libc_a-findfp.o) (_malloc_r)
/Applications/ArmGNUToolchain/14.2.rel1/arm-none-eabi/bin/../lib/gcc/arm-none-eabi/14.2.1/../../../../arm-none-eabi/lib/thumb/v7e-m+fp/hard/libc_nano.a(libc_a-fflush.o)
                              /Applications/ArmGNUToolchain/14.2.rel1/arm-none-eabi/bin/../lib/gcc/arm-none-eabi/14.2.1/../../../../arm-none-eabi/lib/thumb/v7e-m+fp/hard/libc_nano.a(libc_a-findfp.o) (_fflush_r)
/Applications/ArmGNUToolchain/14.2.rel1/arm-none-eabi/bin/../lib/gcc/arm-none-eabi/14.2.1/../../../../arm-none-eabi/lib/thumb/v7e-m+fp/hard/libc_nano.a(libc_a-mlock.o)
                              /Applications/ArmGNUToolchain/14.2.rel1/arm-none-eabi/bin/../lib/gcc/arm-none-eabi/14.2.1/../../../../arm-none-eabi/lib/thumb/v7e-m+fp/hard/libc_nano.a(libc_a-mallocr.o) (__malloc_lock)
/Applications/ArmGNUToolchain/14.2.rel1/arm-none-eabi/bin/../lib/gcc/arm-none-eabi/14.2.1/../../../../arm-none-eabi/lib/thumb/v7e-m+fp/hard/libc_nano.a(libc_a-stdio.o)
                              /Applications/ArmGNUToolchain/14.2.rel1/arm-none-eabi/bin/../lib/gcc/arm-none-eabi/14.2.1/../../../../arm-none-eabi/lib/thumb/v7e-m+fp/hard/libc_nano.a(libc_a-findfp.o) (__sread)
/Applications/ArmGNUToolchain/14.2.rel1/arm-none-eabi/bin/../lib/gcc/arm-none-eabi/14.2.1/../../../../arm-none-eabi/lib/thumb/v7e-m+fp/hard/libc_nano.a(libc_a-lseekr.o)
                              /Applications/ArmGNUToolchain/14.2.rel1/arm-none-eabi/bin/../lib/gcc/arm-none-eabi/14.2.1/../../../../arm-none-eabi/lib/thumb/v7e-m+fp/hard/libc_nano.a(libc_a-stdio.o) (_lseek_r)
/Applications/ArmGNUToolchain/14.2.rel1/arm-none-eabi/bin/../lib/gcc/arm-none-eabi/14.2.1/../../../../arm-none-eabi/lib/thumb/v7e-m+fp/hard/libc_nano.a(libc_a-readr.o)
[...]
Memory Configuration

Name             Origin             Length             Attributes
RAM              0x20000000         0x00008000         xrw
FLASH            0x08000000         0x00020000         xr
*default*        0x00000000         0xffffffff

Linker script and memory map

LOAD /Applications/ArmGNUToolchain/14.2.rel1/arm-none-eabi/bin/../lib/gcc/arm-none-eabi/14.2.1/thumb/v7e-m+fp/hard/crti.o
LOAD /Applications/ArmGNUToolchain/14.2.rel1/arm-none-eabi/bin/../lib/gcc/arm-none-eabi/14.2.1/thumb/v7e-m+fp/hard/crtbegin.o
LOAD /Applications/ArmGNUToolchain/14.2.rel1/arm-none-eabi/bin/../lib/gcc/arm-none-eabi/14.2.1/../../../../arm-none-eabi/lib/thumb/v7e-m+fp/hard/crt0.o
LOAD build/main.o
LOAD build/app_freertos.o
LOAD build/stm32g4xx_it.o
LOAD build/stm32g4xx_hal_msp.o
LOAD build/stm32g4xx_nucleo.o
LOAD build/stm32g4xx_hal.o
LOAD build/stm32g4xx_hal_rcc.o
LOAD build/stm32g4xx_hal_rcc_ex.o
LOAD build/stm32g4xx_hal_flash.o
LOAD build/stm32g4xx_hal_flash_ex.o
LOAD build/stm32g4xx_hal_flash_ramfunc.o
LOAD build/stm32g4xx_hal_gpio.o
LOAD build/stm32g4xx_hal_exti.o
LOAD build/stm32g4xx_hal_dma.o
LOAD build/stm32g4xx_hal_dma_ex.o
LOAD build/stm32g4xx_hal_pwr.o
LOAD build/stm32g4xx_hal_pwr_ex.o
LOAD build/stm32g4xx_hal_cortex.o
LOAD build/stm32g4xx_hal_usart.o
LOAD build/stm32g4xx_hal_usart_ex.o
LOAD build/stm32g4xx_hal_uart_ex.o
LOAD build/stm32g4xx_hal_uart.o
LOAD build/system_stm32g4xx.o
LOAD build/croutine.o
LOAD build/event_groups.o
LOAD build/list.o
LOAD build/queue.o
LOAD build/stream_buffer.o
LOAD build/tasks.o
LOAD build/timers.o
LOAD build/cmsis_os2.o
LOAD build/heap_4.o
LOAD build/port.o
LOAD build/startup_stm32g431xx.o
LOAD /Applications/ArmGNUToolchain/14.2.rel1/arm-none-eabi/bin/../lib/gcc/arm-none-eabi/14.2.1/../../../../arm-none-eabi/lib/thumb/v7e-m+fp/hard/libc_nano.a
LOAD /Applications/ArmGNUToolchain/14.2.rel1/arm-none-eabi/bin/../lib/gcc/arm-none-eabi/14.2.1/../../../../arm-none-eabi/lib/thumb/v7e-m+fp/hard/libm.a
LOAD /Applications/ArmGNUToolchain/14.2.rel1/arm-none-eabi/bin/../lib/gcc/arm-none-eabi/14.2.1/../../../../arm-none-eabi/lib/thumb/v7e-m+fp/hard/libnosys.a
START GROUP
LOAD /Applications/ArmGNUToolchain/14.2.rel1/arm-none-eabi/bin/../lib/gcc/arm-none-eabi/14.2.1/thumb/v7e-m+fp/hard/libgcc.a
LOAD /Applications/ArmGNUToolchain/14.2.rel1/arm-none-eabi/bin/../lib/gcc/arm-none-eabi/14.2.1/../../../../arm-none-eabi/lib/thumb/v7e-m+fp/hard/libc_nano.a
END GROUP
START GROUP
LOAD /Applications/ArmGNUToolchain/14.2.rel1/arm-none-eabi/bin/../lib/gcc/arm-none-eabi/14.2.1/thumb/v7e-m+fp/hard/libgcc.a
LOAD /Applications/ArmGNUToolchain/14.2.rel1/arm-none-eabi/bin/../lib/gcc/arm-none-eabi/14.2.1/../../../../arm-none-eabi/lib/thumb/v7e-m+fp/hard/libc_nano.a
END GROUP
LOAD /Applications/ArmGNUToolchain/14.2.rel1/arm-none-eabi/bin/../lib/gcc/arm-none-eabi/14.2.1/thumb/v7e-m+fp/hard/crtend.o
LOAD /Applications/ArmGNUToolchain/14.2.rel1/arm-none-eabi/bin/../lib/gcc/arm-none-eabi/14.2.1/thumb/v7e-m+fp/hard/crtn.o
                0x20008000                        _estack = (ORIGIN (RAM) + LENGTH (RAM))
                0x00000200                        _Min_Heap_Size = 0x200
                0x00000400                        _Min_Stack_Size = 0x400

.isr_vector     0x08000000      0x1d8
                0x08000000                        . = ALIGN (0x4)
 *(.isr_vector)
 .isr_vector    0x08000000      0x1d8 build/startup_stm32g431xx.o
                0x08000000                g_pfnVectors
                0x080001d8                        . = ALIGN (0x4)

.text           0x080001e0     0x2c1c
                0x080001e0                        . = ALIGN (0x4)
 *(.text)
 *(.text*)
 .text.deregister_tm_clones
                0x080001e0       0x1c /Applications/ArmGNUToolchain/14.2.rel1/arm-none-eabi/bin/../lib/gcc/arm-none-eabi/14.2.1/thumb/v7e-m+fp/hard/crtbegin.o
 .text.register_tm_clones
                0x080001fc       0x24 /Applications/ArmGNUToolchain/14.2.rel1/arm-none-eabi/bin/../lib/gcc/arm-none-eabi/14.2.1/thumb/v7e-m+fp/hard/crtbegin.o
 .text.__do_global_dtors_aux
                0x08000220       0x28 /Applications/ArmGNUToolchain/14.2.rel1/arm-none-eabi/bin/../lib/gcc/arm-none-eabi/14.2.1/thumb/v7e-m+fp/hard/crtbegin.o
 .text.frame_dummy
                0x08000248       0x24 /Applications/ArmGNUToolchain/14.2.rel1/arm-none-eabi/bin/../lib/gcc/arm-none-eabi/14.2.1/thumb/v7e-m+fp/hard/crtbegin.o
 .text.MX_GPIO_Init
                0x0800026c       0x4c build/main.o
 .text.StartLEDTask1
                0x080002b8       0x16 build/main.o
                0x080002b8                StartLEDTask1
 .text.StartLEDTask2
                0x080002ce       0x16 build/main.o
                0x080002ce                StartLEDTask2
 .text.Error_Handler
                0x080002e4        0x4 build/main.o
                0x080002e4                Error_Handler
 .text.SystemClock_Config
                0x080002e8       0x70 build/main.o
                0x080002e8                SystemClock_Config
 .text.main     0x08000358       0x4c build/main.o
                0x08000358                main
 .text.NMI_Handler
                0x080003a4        0x2 build/stm32g4xx_it.o
                0x080003a4                NMI_Handler
 .text.HardFault_Handler
                0x080003a6        0x2 build/stm32g4xx_it.o
                0x080003a6                HardFault_Handler
 .text.MemManage_Handler
                0x080003a8        0x2 build/stm32g4xx_it.o
                0x080003a8                MemManage_Handler
 .text.BusFault_Handler
                0x080003aa        0x2 build/stm32g4xx_it.o
                0x080003aa                BusFault_Handler
 .text.UsageFault_Handler
                0x080003ac        0x2 build/stm32g4xx_it.o
                0x080003ac                UsageFault_Handler
 .text.DebugMon_Handler
                0x080003ae        0x2 build/stm32g4xx_it.o
                0x080003ae                DebugMon_Handler
 .text.SysTick_Handler
                0x080003b0       0x16 build/stm32g4xx_it.o
                0x080003b0                SysTick_Handler
 .text.EXTI15_10_IRQHandler
                0x080003c6        0xa build/stm32g4xx_it.o
                0x080003c6                EXTI15_10_IRQHandler
 .text.HAL_MspInit
                0x080003d0       0x44 build/stm32g4xx_hal_msp.o
                0x080003d0                HAL_MspInit
 .text.BSP_PB_IRQHandler
                0x08000414       0x14 build/stm32g4xx_nucleo.o
                0x08000414                BSP_PB_IRQHandler
 .text.HAL_InitTick
                0x08000428       0x50 build/stm32g4xx_hal.o
                0x08000428                HAL_InitTick
 .text.HAL_Init
                0x08000478       0x1e build/stm32g4xx_hal.o
                0x08000478                HAL_Init
 *fill*         0x08000496        0x2 
 .text.HAL_IncTick
                0x08000498       0x18 build/stm32g4xx_hal.o
                0x08000498                HAL_IncTick
 .text.HAL_GetTick
                0x080004b0        0xc build/stm32g4xx_hal.o
                0x080004b0                HAL_GetTick
 .text.RCC_GetSysClockFreqFromPLLSource
                0x080004bc       0x58 build/stm32g4xx_hal_rcc.o
 .text.HAL_RCC_OscConfig
                0x08000514      0x4e4 build/stm32g4xx_hal_rcc.o
                0x08000514                HAL_RCC_OscConfig
 .text.HAL_RCC_GetSysClockFreq
                0x080009f8       0x88 build/stm32g4xx_hal_rcc.o
                0x080009f8                HAL_RCC_GetSysClockFreq
 .text.HAL_RCC_ClockConfig
                0x08000a80      0x1f8 build/stm32g4xx_hal_rcc.o
                0x08000a80                HAL_RCC_ClockConfig
 .text.HAL_GPIO_Init
                0x08000c78      0x1d4 build/stm32g4xx_hal_gpio.o
                0x08000c78                HAL_GPIO_Init
 .text.HAL_GPIO_WritePin
                0x08000e4c        0xa build/stm32g4xx_hal_gpio.o
                0x08000e4c                HAL_GPIO_WritePin
 .text.HAL_GPIO_TogglePin
                0x08000e56       0x12 build/stm32g4xx_hal_gpio.o
                0x08000e56                HAL_GPIO_TogglePin
 .text.HAL_EXTI_IRQHandler
                0x08000e68       0x28 build/stm32g4xx_hal_exti.o
                0x08000e68                HAL_EXTI_IRQHandler
 .text.HAL_PWREx_ControlVoltageScaling
                0x08000e90      0x10c build/stm32g4xx_hal_pwr_ex.o
                0x08000e90                HAL_PWREx_ControlVoltageScaling
 .text.HAL_PWREx_DisableUCPDDeadBattery
                0x08000f9c       0x10 build/stm32g4xx_hal_pwr_ex.o
                0x08000f9c                HAL_PWREx_DisableUCPDDeadBattery
 .text.__NVIC_SetPriority
                0x08000fac       0x28 build/stm32g4xx_hal_cortex.o
 .text.NVIC_EncodePriority
                0x08000fd4       0x3e build/stm32g4xx_hal_cortex.o
 *fill*         0x08001012        0x2 
 .text.HAL_NVIC_SetPriorityGrouping
                0x08001014       0x24 build/stm32g4xx_hal_cortex.o
                0x08001014                HAL_NVIC_SetPriorityGrouping
 .text.HAL_NVIC_SetPriority
                0x08001038       0x20 build/stm32g4xx_hal_cortex.o
                0x08001038                HAL_NVIC_SetPriority
 .text.HAL_SYSTICK_Config
                0x08001058       0x28 build/stm32g4xx_hal_cortex.o
                0x08001058                HAL_SYSTICK_Config
 .text.SystemInit
                0x08001080       0x14 build/system_stm32g4xx.o
                0x08001080                SystemInit
 .text.vListInitialise
                0x08001094       0x16 build/list.o
                0x08001094                vListInitialise
 .text.vListInitialiseItem
                0x080010aa        0x6 build/list.o
                0x080010aa                vListInitialiseItem
 .text.vListInsertEnd
                0x080010b0       0x16 build/list.o
                0x080010b0                vListInsertEnd
 .text.vListInsert
                0x080010c6       0x32 build/list.o
                0x080010c6                vListInsert
 .text.uxListRemove
                0x080010f8       0x26 build/list.o
                0x080010f8                uxListRemove
 .text.prvIsQueueFull
                0x0800111e       0x1e build/queue.o
 .text.prvIsQueueEmpty
                0x0800113c       0x1a build/queue.o
 .text.prvCopyDataToQueue
                0x08001156       0x76 build/queue.o
 .text.prvCopyDataFromQueue
                0x080011cc       0x24 build/queue.o
 .text.prvUnlockQueue
                0x080011f0       0x6e build/queue.o
 .text.xQueueGenericReset
                0x0800125e       0x84 build/queue.o
                0x0800125e                xQueueGenericReset
 .text.prvInitialiseNewQueue
                0x080012e2       0x22 build/queue.o
 .text.xQueueGenericCreateStatic
                0x08001304       0x94 build/queue.o
                0x08001304                xQueueGenericCreateStatic
 .text.xQueueGenericSend
                0x08001398      0x188 build/queue.o
                0x08001398                xQueueGenericSend
 .text.xQueueGenericSendFromISR
                0x08001520       0xce build/queue.o
                0x08001520                xQueueGenericSendFromISR
 .text.xQueueReceive
                0x080015ee      0x15e build/queue.o
                0x080015ee                xQueueReceive
 .text.vQueueAddToRegistry
                0x0800174c       0x28 build/queue.o
                0x0800174c                vQueueAddToRegistry
 .text.vQueueWaitForMessageRestricted
                0x08001774       0x52 build/queue.o
                0x08001774                vQueueWaitForMessageRestricted
 *fill*         0x080017c6        0x2 
 .text.prvResetNextTaskUnblockTime
                0x080017c8       0x2c build/tasks.o
 .text.prvInitialiseNewTask
                0x080017f4       0xa2 build/tasks.o
 *fill*         0x08001896        0x2 
 .text.prvInitialiseTaskLists
                0x08001898       0x68 build/tasks.o
 .text.prvAddNewTaskToReadyList
                0x08001900       0xac build/tasks.o
 .text.prvDeleteTCB
                0x080019ac       0x38 build/tasks.o
 .text.prvCheckTasksWaitingTermination
                0x080019e4       0x4c build/tasks.o
 .text.prvIdleTask
                0x08001a30       0x28 build/tasks.o
 .text.prvAddCurrentTaskToDelayedList
                0x08001a58       0x7c build/tasks.o
 .text.xTaskCreateStatic
                0x08001ad4       0x76 build/tasks.o
                0x08001ad4                xTaskCreateStatic
 .text.xTaskCreate
                0x08001b4a       0x64 build/tasks.o
                0x08001b4a                xTaskCreate
 *fill*         0x08001bae        0x2 
 .text.vTaskStartScheduler
                0x08001bb0       0x98 build/tasks.o
                0x08001bb0                vTaskStartScheduler
 .text.vTaskSuspendAll
                0x08001c48       0x10 build/tasks.o
                0x08001c48                vTaskSuspendAll
 .text.xTaskGetTickCount
                0x08001c58        0xc build/tasks.o
                0x08001c58                xTaskGetTickCount
 .text.xTaskIncrementTick
                0x08001c64      0x118 build/tasks.o
                0x08001c64                xTaskIncrementTick
 .text.xTaskResumeAll
                0x08001d7c       0xf8 build/tasks.o
                0x08001d7c                xTaskResumeAll
 .text.vTaskDelay
                0x08001e74       0x4c build/tasks.o
                0x08001e74                vTaskDelay
 .text.vTaskSwitchContext
                0x08001ec0       0x98 build/tasks.o
                0x08001ec0                vTaskSwitchContext
 .text.vTaskPlaceOnEventList
                0x08001f58       0x30 build/tasks.o
                0x08001f58                vTaskPlaceOnEventList
 .text.vTaskPlaceOnEventListRestricted
                0x08001f88       0x38 build/tasks.o
                0x08001f88                vTaskPlaceOnEventListRestricted
 .text.xTaskRemoveFromEventList
                0x08001fc0       0x8c build/tasks.o
                0x08001fc0                xTaskRemoveFromEventList
 .text.vTaskInternalSetTimeOutState
                0x0800204c       0x18 build/tasks.o
                0x0800204c                vTaskInternalSetTimeOutState
 .text.xTaskCheckForTimeOut
                0x08002064       0x88 build/tasks.o
                0x08002064                xTaskCheckForTimeOut
 .text.vTaskMissedYield
                0x080020ec        0xc build/tasks.o
                0x080020ec                vTaskMissedYield
 .text.xTaskGetSchedulerState
                0x080020f8       0x20 build/tasks.o
                0x080020f8                xTaskGetSchedulerState
 .text.xTaskPriorityDisinherit
                0x08002118       0x90 build/tasks.o
                0x08002118                xTaskPriorityDisinherit
 .text.prvGetNextExpireTime
                0x080021a8       0x20 build/timers.o
 .text.prvInsertTimerInActiveList
                0x080021c8       0x48 build/timers.o
 .text.prvCheckForValidListAndQueue
                0x08002210       0x70 build/timers.o
 .text.xTimerCreateTimerTask
                0x08002280       0x64 build/timers.o
                0x08002280                xTimerCreateTimerTask
 .text.xTimerGenericCommand
                0x080022e4       0x6c build/timers.o
                0x080022e4                xTimerGenericCommand
 .text.prvSwitchTimerLists
                0x08002350       0x7c build/timers.o
 .text.prvSampleTimeNow
                0x080023cc       0x2c build/timers.o
 .text.prvProcessExpiredTimer
                0x080023f8       0x6c build/timers.o
 .text.prvProcessTimerOrBlockTask
                0x08002464       0x74 build/timers.o
 .text.prvProcessReceivedCommands
                0x080024d8      0x10c build/timers.o
 .text.prvTimerTask
                0x080025e4       0x16 build/timers.o
 *fill*         0x080025fa        0x2 
 .text.osKernelInitialize
                0x080025fc       0x24 build/cmsis_os2.o
                0x080025fc                osKernelInitialize
 .text.osKernelStart
                0x08002620       0x38 build/cmsis_os2.o
                0x08002620                osKernelStart
 .text.osThreadNew
                0x08002658       0xb4 build/cmsis_os2.o
                0x08002658                osThreadNew
 .text.osDelay  0x0800270c       0x1c build/cmsis_os2.o
                0x0800270c                osDelay
 .text.vApplicationGetIdleTaskMemory
                0x08002728       0x18 build/cmsis_os2.o
                0x08002728                vApplicationGetIdleTaskMemory
 .text.vApplicationGetTimerTaskMemory
                0x08002740       0x18 build/cmsis_os2.o
                0x08002740                vApplicationGetTimerTaskMemory
 .text.prvHeapInit
                0x08002758       0x64 build/heap_4.o
 .text.prvInsertBlockIntoFreeList
                0x080027bc       0x64 build/heap_4.o
 .text.pvPortMalloc
                0x08002820      0x104 build/heap_4.o
                0x08002820                pvPortMalloc
 .text.vPortFree
                0x08002924       0x7c build/heap_4.o
                0x08002924                vPortFree
 .text.prvTaskExitError
                0x080029a0       0x40 build/port.o
 .text.prvPortStartFirstTask
                0x080029e0       0x28 build/port.o
 .text.vPortEnableVFP
                0x08002a08       0x14 build/port.o
 .text.pxPortInitialiseStack
                0x08002a1c       0x2c build/port.o
                0x08002a1c                pxPortInitialiseStack
 *fill*         0x08002a48        0x8 
 .text.SVC_Handler
                0x08002a50       0x24 build/port.o
                0x08002a50                SVC_Handler
 .text.vPortEnterCritical
                0x08002a74       0x44 build/port.o
                0x08002a74                vPortEnterCritical
 .text.vPortExitCritical
                0x08002ab8       0x2c build/port.o
                0x08002ab8                vPortExitCritical
 *fill*         0x08002ae4        0xc 
 .text.PendSV_Handler
                0x08002af0       0x64 build/port.o
                0x08002af0                PendSV_Handler
 .text.xPortSysTickHandler
                0x08002b54       0x2c build/port.o
                0x08002b54                xPortSysTickHandler
 .text.vPortSetupTimerInterrupt
                0x08002b80       0x28 build/port.o
                0x08002b80                vPortSetupTimerInterrupt
 .text.xPortStartScheduler
                0x08002ba8      0x118 build/port.o
                0x08002ba8                xPortStartScheduler
 .text.vPortValidateInterruptPriority
                0x08002cc0       0x5c build/port.o
                0x08002cc0                vPortValidateInterruptPriority
 .text.Reset_Handler
                0x08002d1c       0x50 build/startup_stm32g431xx.o
                0x08002d1c                Reset_Handler
 .text.Default_Handler
                0x08002d6c        0x2 build/startup_stm32g431xx.o
                0x08002d6c                TIM1_BRK_TIM15_IRQHandler
                0x08002d6c                EXTI2_IRQHandler
                0x08002d6c                TIM8_TRG_COM_IRQHandler
                0x08002d6c                TIM8_CC_IRQHandler
                0x08002d6c                TIM1_CC_IRQHandler
                0x08002d6c                USB_HP_IRQHandler
                0x08002d6c                CORDIC_IRQHandler
                0x08002d6c                EXTI3_IRQHandler
                0x08002d6c                I2C3_ER_IRQHandler
                0x08002d6c                EXTI0_IRQHandler
                0x08002d6c                I2C2_EV_IRQHandler
                0x08002d6c                FPU_IRQHandler
                0x08002d6c                FDCAN1_IT1_IRQHandler
                0x08002d6c                TIM1_UP_TIM16_IRQHandler
                0x08002d6c                ADC1_2_IRQHandler
                0x08002d6c                SPI1_IRQHandler
                0x08002d6c                TIM6_DAC_IRQHandler
                0x08002d6c                TIM8_UP_IRQHandler
                0x08002d6c                DMA2_Channel2_IRQHandler
                0x08002d6c                DMA1_Channel4_IRQHandler
                0x08002d6c                USART3_IRQHandler
                0x08002d6c                TIM4_IRQHandler
                0x08002d6c                DMA2_Channel1_IRQHandler
                0x08002d6c                I2C1_EV_IRQHandler
                0x08002d6c                DMA1_Channel6_IRQHandler
                0x08002d6c                UART4_IRQHandler
                0x08002d6c                DMA2_Channel4_IRQHandler
                0x08002d6c                TIM3_IRQHandler
                0x08002d6c                RCC_IRQHandler
                0x08002d6c                DMA1_Channel1_IRQHandler
                0x08002d6c                Default_Handler
                0x08002d6c                RTC_TAMP_LSECSS_IRQHandler
                0x08002d6c                FMAC_IRQHandler
                0x08002d6c                TIM7_IRQHandler
                0x08002d6c                UCPD1_IRQHandler
                0x08002d6c                I2C3_EV_IRQHandler
                0x08002d6c                EXTI9_5_IRQHandler
                0x08002d6c                RTC_WKUP_IRQHandler
                0x08002d6c                PVD_PVM_IRQHandler
                0x08002d6c                SPI2_IRQHandler
                0x08002d6c                DMA2_Channel5_IRQHandler
                0x08002d6c                CRS_IRQHandler
                0x08002d6c                DMA1_Channel5_IRQHandler
                0x08002d6c                USB_LP_IRQHandler
                0x08002d6c                EXTI4_IRQHandler
                0x08002d6c                RNG_IRQHandler
                0x08002d6c                TIM1_TRG_COM_TIM17_IRQHandler
                0x08002d6c                DMA1_Channel3_IRQHandler
                0x08002d6c                WWDG_IRQHandler
                0x08002d6c                LPUART1_IRQHandler
                0x08002d6c                DMA2_Channel6_IRQHandler
                0x08002d6c                FDCAN1_IT0_IRQHandler
                0x08002d6c                TIM2_IRQHandler
                0x08002d6c                COMP1_2_3_IRQHandler
                0x08002d6c                EXTI1_IRQHandler
                0x08002d6c                USART2_IRQHandler
                0x08002d6c                I2C2_ER_IRQHandler
                0x08002d6c                DMA1_Channel2_IRQHandler
                0x08002d6c                TIM8_BRK_IRQHandler
                0x08002d6c                FLASH_IRQHandler
                0x08002d6c                USART1_IRQHandler
                0x08002d6c                SPI3_IRQHandler
                0x08002d6c                I2C1_ER_IRQHandler
                0x08002d6c                LPTIM1_IRQHandler
                0x08002d6c                DMAMUX_OVR_IRQHandler
                0x08002d6c                USBWakeUp_IRQHandler
                0x08002d6c                SAI1_IRQHandler
                0x08002d6c                DMA2_Channel3_IRQHandler
                0x08002d6c                COMP4_IRQHandler
                0x08002d6c                RTC_Alarm_IRQHandler
 .text.memset   0x08002d6e       0x10 /Applications/ArmGNUToolchain/14.2.rel1/arm-none-eabi/bin/../lib/gcc/arm-none-eabi/14.2.1/../../../../arm-none-eabi/lib/thumb/v7e-m+fp/hard/libc_nano.a(libc_a-memset.o)
                0x08002d6e                memset
 *fill*         0x08002d7e        0x2 
 .text.__libc_init_array
                0x08002d80       0x48 /Applications/ArmGNUToolchain/14.2.rel1/arm-none-eabi/bin/../lib/gcc/arm-none-eabi/14.2.1/../../../../arm-none-eabi/lib/thumb/v7e-m+fp/hard/libc_nano.a(libc_a-init.o)
                0x08002d80                __libc_init_array
 .text.memcpy   0x08002dc8       0x1c /Applications/ArmGNUToolchain/14.2.rel1/arm-none-eabi/bin/../lib/gcc/arm-none-eabi/14.2.1/../../../../arm-none-eabi/lib/thumb/v7e-m+fp/hard/libc_nano.a(libc_a-memcpy-stub.o)
                0x08002dc8                memcpy
 *(.glue_7)
 .glue_7        0x08002de4        0x0 linker stubs
 *(.glue_7t)
 .glue_7t       0x08002de4        0x0 linker stubs
 *(.eh_frame)
 .eh_frame      0x08002de4        0x0 /Applications/ArmGNUToolchain/14.2.rel1/arm-none-eabi/bin/../lib/gcc/arm-none-eabi/14.2.1/thumb/v7e-m+fp/hard/crtbegin.o
 *(.init)
 .init          0x08002de4        0x4 /Applications/ArmGNUToolchain/14.2.rel1/arm-none-eabi/bin/../lib/gcc/arm-none-eabi/14.2.1/thumb/v7e-m+fp/hard/crti.o
                0x08002de4                _init
 .init          0x08002de8        0x8 /Applications/ArmGNUToolchain/14.2.rel1/arm-none-eabi/bin/../lib/gcc/arm-none-eabi/14.2.1/thumb/v7e-m+fp/hard/crtn.o
 *(.fini)
 .fini          0x08002df0        0x4 /Applications/ArmGNUToolchain/14.2.rel1/arm-none-eabi/bin/../lib/gcc/arm-none-eabi/14.2.1/thumb/v7e-m+fp/hard/crti.o
                0x08002df0                _fini
 .fini          0x08002df4        0x8 /Applications/ArmGNUToolchain/14.2.rel1/arm-none-eabi/bin/../lib/gcc/arm-none-eabi/14.2.1/thumb/v7e-m+fp/hard/crtn.o
                0x08002dfc                        . = ALIGN (0x4)
                0x08002dfc                        _etext = .

.vfp11_veneer   0x08002dfc        0x0
 .vfp11_veneer  0x08002dfc        0x0 linker stubs

.v4_bx          0x08002dfc        0x0
 .v4_bx         0x08002dfc        0x0 linker stubs

.iplt           0x08002dfc        0x0
 .iplt          0x08002dfc        0x0 /Applications/ArmGNUToolchain/14.2.rel1/arm-none-eabi/bin/../lib/gcc/arm-none-eabi/14.2.1/thumb/v7e-m+fp/hard/crtbegin.o

.rodata         0x08002dfc       0x88
                0x08002dfc                        . = ALIGN (0x4)
 *(.rodata)
 *(.rodata*)
 .rodata.str1.4
                0x08002dfc       0x30 build/main.o
                                 0x16 (size before relaxing)
 .rodata.ledTask2_attributes
                0x08002e2c       0x24 build/main.o
                0x08002e2c                ledTask2_attributes
 .rodata.ledTask1_attributes
                0x08002e50       0x24 build/main.o
                0x08002e50                ledTask1_attributes
 .rodata.AHBPrescTable
                0x08002e74       0x10 build/system_stm32g4xx.o
                0x08002e74                AHBPrescTable
 .rodata.vTaskStartScheduler.str1.4
                0x08002e84        0x5 build/tasks.o
 .rodata.prvCheckForValidListAndQueue.str1.4
                0x08002e84        0x5 build/timers.o
 .rodata.xTimerCreateTimerTask.str1.4
                0x08002e84        0x8 build/timers.o
                0x08002e8c                        . = ALIGN (0x4)

.ARM.extab      0x08002e84        0x0
                0x08002e84                        . = ALIGN (0x4)
 *(.ARM.extab* .gnu.linkonce.armextab.*)
                0x08002e84                        . = ALIGN (0x4)

.ARM            0x08002e84        0x0
                0x08002e84                        . = ALIGN (0x4)
                0x08002e84                        __exidx_start = .
 *(.ARM.exidx*)
                0x08002e84                        __exidx_end = .
                0x08002e84                        . = ALIGN (0x4)

.preinit_array  0x08002e84        0x0
                0x08002e84                        . = ALIGN (0x4)
                0x08002e84                        PROVIDE (__preinit_array_start = .)
 *(.preinit_array*)
                0x08002e84                        PROVIDE (__preinit_array_end = .)
                0x08002e84                        . = ALIGN (0x4)

.init_array     0x08002e84        0x4
                0x08002e84                        . = ALIGN (0x4)
                0x08002e84                        PROVIDE (__init_array_start = .)
 *(SORT_BY_NAME(.init_array.*))
 *(.init_array*)
 .init_array    0x08002e84        0x4 /Applications/ArmGNUToolchain/14.2.rel1/arm-none-eabi/bin/../lib/gcc/arm-none-eabi/14.2.1/thumb/v7e-m+fp/hard/crtbegin.o
                0x08002e88                        PROVIDE (__init_array_end = .)
                0x08002e88                        . = ALIGN (0x4)

.fini_array     0x08002e88        0x4
                0x08002e88                        . = ALIGN (0x4)
                [!provide]                        PROVIDE (__fini_array_start = .)
 *(SORT_BY_NAME(.fini_array.*))
 *(.fini_array*)
 .fini_array    0x08002e88        0x4 /Applications/ArmGNUToolchain/14.2.rel1/arm-none-eabi/bin/../lib/gcc/arm-none-eabi/14.2.1/thumb/v7e-m+fp/hard/crtbegin.o
                [!provide]                        PROVIDE (__fini_array_end = .)
                0x08002e8c                        . = ALIGN (0x4)
                0x08002e8c                        _sidata = LOADADDR (.data)

.rel.dyn        0x08002e8c        0x0
 .rel.iplt      0x08002e8c        0x0 /Applications/ArmGNUToolchain/14.2.rel1/arm-none-eabi/bin/../lib/gcc/arm-none-eabi/14.2.1/thumb/v7e-m+fp/hard/crtbegin.o

.data           0x20000000       0x10 load address 0x08002e8c
                0x20000000                        . = ALIGN (0x4)
                0x20000000                        _sdata = .
 *(.data)
 *(.data*)
 .data.uwTickFreq
                0x20000000        0x4 build/stm32g4xx_hal.o
                0x20000000                uwTickFreq
 .data.uwTickPrio
                0x20000004        0x4 build/stm32g4xx_hal.o
                0x20000004                uwTickPrio
 .data.SystemCoreClock
                0x20000008        0x4 build/system_stm32g4xx.o
                0x20000008                SystemCoreClock
 .data.uxCriticalNesting
                0x2000000c        0x4 build/port.o
 *(.RamFunc)
 *(.RamFunc*)
                0x20000010                        . = ALIGN (0x4)
                0x20000010                        _edata = .

.tm_clone_table
                0x20000010        0x0 load address 0x08002e9c
 .tm_clone_table
                0x20000010        0x0 /Applications/ArmGNUToolchain/14.2.rel1/arm-none-eabi/bin/../lib/gcc/arm-none-eabi/14.2.1/thumb/v7e-m+fp/hard/crtbegin.o
 .tm_clone_table
                0x20000010        0x0 /Applications/ArmGNUToolchain/14.2.rel1/arm-none-eabi/bin/../lib/gcc/arm-none-eabi/14.2.1/thumb/v7e-m+fp/hard/crtend.o

.igot.plt       0x20000010        0x0 load address 0x08002e9c
 .igot.plt      0x20000010        0x0 /Applications/ArmGNUToolchain/14.2.rel1/arm-none-eabi/bin/../lib/gcc/arm-none-eabi/14.2.1/thumb/v7e-m+fp/hard/crtbegin.o
                0x20000010                        . = ALIGN (0x4)

.bss            0x20000010     0x1980 load address 0x08002e9c
                0x20000010                        _sbss = .
                0x20000010                        __bss_start__ = _sbss
 *(.bss)
 *(.bss*)
 .bss.completed.1
                0x20000010        0x1 /Applications/ArmGNUToolchain/14.2.rel1/arm-none-eabi/bin/../lib/gcc/arm-none-eabi/14.2.1/thumb/v7e-m+fp/hard/crtbegin.o
 *fill*         0x20000011        0x3 
 .bss.object.0  0x20000014       0x18 /Applications/ArmGNUToolchain/14.2.rel1/arm-none-eabi/bin/../lib/gcc/arm-none-eabi/14.2.1/thumb/v7e-m+fp/hard/crtbegin.o
 .bss.ledTask2Handle
                0x2000002c        0x4 build/main.o
                0x2000002c                ledTask2Handle
 .bss.ledTask1Handle
                0x20000030        0x4 build/main.o
                0x20000030                ledTask1Handle
 .bss.hpb_exti  0x20000034        0x8 build/stm32g4xx_nucleo.o
                0x20000034                hpb_exti
 .bss.uwTick    0x2000003c        0x4 build/stm32g4xx_hal.o
                0x2000003c                uwTick
 .bss.xQueueRegistry
                0x20000040       0x40 build/queue.o
                0x20000040                xQueueRegistry
 .bss.uxSchedulerSuspended
                0x20000080        0x4 build/tasks.o
 .bss.xIdleTaskHandle
                0x20000084        0x4 build/tasks.o
 .bss.xNextTaskUnblockTime
                0x20000088        0x4 build/tasks.o
 .bss.uxTaskNumber
                0x2000008c        0x4 build/tasks.o
 .bss.xNumOfOverflows
                0x20000090        0x4 build/tasks.o
 .bss.xYieldPending
                0x20000094        0x4 build/tasks.o
 .bss.xPendedTicks
                0x20000098        0x4 build/tasks.o
 .bss.xSchedulerRunning
                0x2000009c        0x4 build/tasks.o
 .bss.uxTopReadyPriority
                0x200000a0        0x4 build/tasks.o
 .bss.xTickCount
                0x200000a4        0x4 build/tasks.o
 .bss.uxCurrentNumberOfTasks
                0x200000a8        0x4 build/tasks.o
 .bss.xSuspendedTaskList
                0x200000ac       0x14 build/tasks.o
 .bss.uxDeletedTasksWaitingCleanUp
                0x200000c0        0x4 build/tasks.o
 .bss.xTasksWaitingTermination
                0x200000c4       0x14 build/tasks.o
 .bss.xPendingReadyList
                0x200000d8       0x14 build/tasks.o
 .bss.pxOverflowDelayedTaskList
                0x200000ec        0x4 build/tasks.o
 .bss.pxDelayedTaskList
                0x200000f0        0x4 build/tasks.o
 .bss.xDelayedTaskList2
                0x200000f4       0x14 build/tasks.o
 .bss.xDelayedTaskList1
                0x20000108       0x14 build/tasks.o
 .bss.pxReadyTasksLists
                0x2000011c      0x460 build/tasks.o
 .bss.pxCurrentTCB
                0x2000057c        0x4 build/tasks.o
                0x2000057c                pxCurrentTCB
 .bss.xStaticTimerQueue.0
                0x20000580       0x50 build/timers.o
 .bss.ucStaticTimerQueueStorage.1
                0x200005d0       0xa0 build/timers.o
 .bss.xLastTime.2
                0x20000670        0x4 build/timers.o
 .bss.xTimerTaskHandle
                0x20000674        0x4 build/timers.o
 .bss.xTimerQueue
                0x20000678        0x4 build/timers.o
 .bss.pxOverflowTimerList
                0x2000067c        0x4 build/timers.o
 .bss.pxCurrentTimerList
                0x20000680        0x4 build/timers.o
 .bss.xActiveTimerList2
                0x20000684       0x14 build/timers.o
 .bss.xActiveTimerList1
                0x20000698       0x14 build/timers.o
 .bss.Timer_Stack.0
                0x200006ac      0x400 build/cmsis_os2.o
 .bss.Timer_TCB.1
                0x20000aac       0x5c build/cmsis_os2.o
 .bss.Idle_Stack.2
                0x20000b08      0x200 build/cmsis_os2.o
 .bss.Idle_TCB.3
                0x20000d08       0x5c build/cmsis_os2.o
 .bss.KernelState
                0x20000d64        0x4 build/cmsis_os2.o
 .bss.xBlockAllocatedBit
                0x20000d68        0x4 build/heap_4.o
 .bss.xNumberOfSuccessfulFrees
                0x20000d6c        0x4 build/heap_4.o
 .bss.xNumberOfSuccessfulAllocations
                0x20000d70        0x4 build/heap_4.o
 .bss.xMinimumEverFreeBytesRemaining
                0x20000d74        0x4 build/heap_4.o
 .bss.xFreeBytesRemaining
                0x20000d78        0x4 build/heap_4.o
 .bss.pxEnd     0x20000d7c        0x4 build/heap_4.o
 .bss.xStart    0x20000d80        0x8 build/heap_4.o
 .bss.ucHeap    0x20000d88      0xc00 build/heap_4.o
 .bss.ulMaxPRIGROUPValue
                0x20001988        0x4 build/port.o
 .bss.ucMaxSysCallPriority
                0x2000198c        0x1 build/port.o
 *(COMMON)
                0x20001990                        . = ALIGN (0x4)
 *fill*         0x2000198d        0x3 
                0x20001990                        _ebss = .
                0x20001990                        __bss_end__ = _ebss

._user_heap_stack
                0x20001990      0x600 load address 0x08002e9c
                0x20001990                        . = ALIGN (0x8)
                0x20001990                        PROVIDE (end = .)
                [!provide]                        PROVIDE (_end = .)
                0x20001b90                        . = (. + _Min_Heap_Size)
 *fill*         0x20001990      0x200 
                0x20001f90                        . = (. + _Min_Stack_Size)
 *fill*         0x20001b90      0x400 
                0x20001f90                        . = ALIGN (0x8)

/DISCARD/
 libc.a(*)
 libm.a(*)
 libgcc.a(*)
OUTPUT(build/SimpleLedBlinker_0.0.0.elf elf32-littlearm)
LOAD linker stubs
LOAD /Applications/ArmGNUToolchain/14.2.rel1/arm-none-eabi/bin/../lib/gcc/arm-none-eabi/14.2.1/../../../../arm-none-eabi/lib/thumb/v7e-m+fp/hard/libc.a
LOAD /Applications/ArmGNUToolchain/14.2.rel1/arm-none-eabi/bin/../lib/gcc/arm-none-eabi/14.2.1/../../../../arm-none-eabi/lib/thumb/v7e-m+fp/hard/libm.a
LOAD /Applications/ArmGNUToolchain/14.2.rel1/arm-none-eabi/bin/../lib/gcc/arm-none-eabi/14.2.1/thumb/v7e-m+fp/hard/libgcc.a

.ARM.attributes
                0x00000000       0x30
 .ARM.attributes
                0x00000000       0x22 /Applications/ArmGNUToolchain/14.2.rel1/arm-none-eabi/bin/../lib/gcc/arm-none-eabi/14.2.1/thumb/v7e-m+fp/hard/crti.o
 .ARM.attributes
                0x00000022       0x34 /Applications/ArmGNUToolchain/14.2.rel1/arm-none-eabi/bin/../lib/gcc/arm-none-eabi/14.2.1/thumb/v7e-m+fp/hard/crtbegin.o
 .ARM.attributes
                0x00000056       0x34 build/main.o
 .ARM.attributes
                0x0000008a       0x34 build/stm32g4xx_it.o
 .ARM.attributes
                0x000000be       0x34 build/stm32g4xx_hal_msp.o
 .ARM.attributes
                0x000000f2       0x34 build/stm32g4xx_nucleo.o
 .ARM.attributes
                0x00000126       0x34 build/stm32g4xx_hal.o
 .ARM.attributes
                0x0000015a       0x34 build/stm32g4xx_hal_rcc.o
 .ARM.attributes
                0x0000018e       0x34 build/stm32g4xx_hal_gpio.o
 .ARM.attributes
                0x000001c2       0x34 build/stm32g4xx_hal_exti.o
 .ARM.attributes
                0x000001f6       0x34 build/stm32g4xx_hal_pwr_ex.o
 .ARM.attributes
                0x0000022a       0x34 build/stm32g4xx_hal_cortex.o
 .ARM.attributes
                0x0000025e       0x34 build/system_stm32g4xx.o
 .ARM.attributes
                0x00000292       0x34 build/list.o
 .ARM.attributes
                0x000002c6       0x34 build/queue.o
 .ARM.attributes
                0x000002fa       0x34 build/tasks.o
 .ARM.attributes
                0x0000032e       0x34 build/timers.o
 .ARM.attributes
                0x00000362       0x34 build/cmsis_os2.o
 .ARM.attributes
                0x00000396       0x34 build/heap_4.o
 .ARM.attributes
                0x000003ca       0x34 build/port.o
 .ARM.attributes
                0x000003fe       0x21 build/startup_stm32g431xx.o
 .ARM.attributes
                0x0000041f       0x34 /Applications/ArmGNUToolchain/14.2.rel1/arm-none-eabi/bin/../lib/gcc/arm-none-eabi/14.2.1/../../../../arm-none-eabi/lib/thumb/v7e-m+fp/hard/libc_nano.a(libc_a-memset.o)
 .ARM.attributes
                0x00000453       0x34 /Applications/ArmGNUToolchain/14.2.rel1/arm-none-eabi/bin/../lib/gcc/arm-none-eabi/14.2.1/../../../../arm-none-eabi/lib/thumb/v7e-m+fp/hard/libc_nano.a(libc_a-init.o)
 .ARM.attributes
                0x00000487       0x34 /Applications/ArmGNUToolchain/14.2.rel1/arm-none-eabi/bin/../lib/gcc/arm-none-eabi/14.2.1/../../../../arm-none-eabi/lib/thumb/v7e-m+fp/hard/libc_nano.a(libc_a-memcpy-stub.o)
 .ARM.attributes
                0x000004bb       0x34 /Applications/ArmGNUToolchain/14.2.rel1/arm-none-eabi/bin/../lib/gcc/arm-none-eabi/14.2.1/thumb/v7e-m+fp/hard/crtend.o
 .ARM.attributes
                0x000004ef       0x22 /Applications/ArmGNUToolchain/14.2.rel1/arm-none-eabi/bin/../lib/gcc/arm-none-eabi/14.2.1/thumb/v7e-m+fp/hard/crtn.o

.comment        0x00000000       0x45
 .comment       0x00000000       0x45 build/main.o
                                 0x46 (size before relaxing)
 .comment       0x00000045       0x46 build/stm32g4xx_it.o
 .comment       0x00000045       0x46 build/stm32g4xx_hal_msp.o
 .comment       0x00000045       0x46 build/stm32g4xx_nucleo.o
 .comment       0x00000045       0x46 build/stm32g4xx_hal.o
 .comment       0x00000045       0x46 build/stm32g4xx_hal_rcc.o
 .comment       0x00000045       0x46 build/stm32g4xx_hal_gpio.o
 .comment       0x00000045       0x46 build/stm32g4xx_hal_exti.o
 .comment       0x00000045       0x46 build/stm32g4xx_hal_pwr_ex.o
 .comment       0x00000045       0x46 build/stm32g4xx_hal_cortex.o
 .comment       0x00000045       0x46 build/system_stm32g4xx.o
 .comment       0x00000045       0x46 build/list.o
 .comment       0x00000045       0x46 build/queue.o
 .comment       0x00000045       0x46 build/tasks.o
 .comment       0x00000045       0x46 build/timers.o
 .comment       0x00000045       0x46 build/cmsis_os2.o
 .comment       0x00000045       0x46 build/heap_4.o
 .comment       0x00000045       0x46 build/port.o

.debug_info     0x00000000    0x15f78
 .debug_info    0x00000000      0xd18 build/main.o
 .debug_info    0x00000d18      0x1d4 build/stm32g4xx_it.o
 .debug_info    0x00000eec      0x5d4 build/stm32g4xx_hal_msp.o
 .debug_info    0x000014c0     0x1c3e build/stm32g4xx_nucleo.o
 .debug_info    0x000030fe      0xd0f build/stm32g4xx_hal.o
 .debug_info    0x00003e0d      0xffb build/stm32g4xx_hal_rcc.o
 .debug_info    0x00004e08      0x92d build/stm32g4xx_hal_gpio.o
 .debug_info    0x00005735      0x7e0 build/stm32g4xx_hal_exti.o
 .debug_info    0x00005f15      0xb1d build/stm32g4xx_hal_pwr_ex.o
 .debug_info    0x00006a32     0x118d build/stm32g4xx_hal_cortex.o
 .debug_info    0x00007bbf      0x649 build/system_stm32g4xx.o
 .debug_info    0x00008208      0x30f build/list.o
 .debug_info    0x00008517     0x2a48 build/queue.o
 .debug_info    0x0000af5f     0x33ae build/tasks.o
 .debug_info    0x0000e30d     0x1d2b build/timers.o
 .debug_info    0x00010038     0x5342 build/cmsis_os2.o
 .debug_info    0x0001537a      0x60c build/heap_4.o
 .debug_info    0x00015986      0x5c2 build/port.o
 .debug_info    0x00015f48       0x30 build/startup_stm32g431xx.o

.debug_abbrev   0x00000000     0x30c4
 .debug_abbrev  0x00000000      0x276 build/main.o
 .debug_abbrev  0x00000276      0x106 build/stm32g4xx_it.o
 .debug_abbrev  0x0000037c      0x130 build/stm32g4xx_hal_msp.o
 .debug_abbrev  0x000004ac      0x34a build/stm32g4xx_nucleo.o
 .debug_abbrev  0x000007f6      0x298 build/stm32g4xx_hal.o
 .debug_abbrev  0x00000a8e      0x2de build/stm32g4xx_hal_rcc.o
 .debug_abbrev  0x00000d6c      0x222 build/stm32g4xx_hal_gpio.o
 .debug_abbrev  0x00000f8e      0x1d1 build/stm32g4xx_hal_exti.o
 .debug_abbrev  0x0000115f      0x263 build/stm32g4xx_hal_pwr_ex.o
 .debug_abbrev  0x000013c2      0x3ca build/stm32g4xx_hal_cortex.o
 .debug_abbrev  0x0000178c      0x11b build/system_stm32g4xx.o
 .debug_abbrev  0x000018a7      0x124 build/list.o
 .debug_abbrev  0x000019cb      0x431 build/queue.o
 .debug_abbrev  0x00001dfc      0x400 build/tasks.o
 .debug_abbrev  0x000021fc      0x3d4 build/timers.o
 .debug_abbrev  0x000025d0      0x5ae build/cmsis_os2.o
 .debug_abbrev  0x00002b7e      0x27a build/heap_4.o
 .debug_abbrev  0x00002df8      0x2af build/port.o
 .debug_abbrev  0x000030a7       0x1d build/startup_stm32g431xx.o

.debug_loc      0x00000000    0x10b70
 .debug_loc     0x00000000      0x134 build/main.o
 .debug_loc     0x00000134       0x40 build/stm32g4xx_it.o
 .debug_loc     0x00000174       0x38 build/stm32g4xx_hal_msp.o
 .debug_loc     0x000001ac      0x71b build/stm32g4xx_nucleo.o
 .debug_loc     0x000008c7      0x2cd build/stm32g4xx_hal.o
 .debug_loc     0x00000b94      0x9db build/stm32g4xx_hal_rcc.o
 .debug_loc     0x0000156f      0x499 build/stm32g4xx_hal_gpio.o
 .debug_loc     0x00001a08      0xbda build/stm32g4xx_hal_exti.o
 .debug_loc     0x000025e2      0xa04 build/stm32g4xx_hal_pwr_ex.o
 .debug_loc     0x00002fe6      0x8f1 build/stm32g4xx_hal_cortex.o
 .debug_loc     0x000038d7       0x9d build/system_stm32g4xx.o
 .debug_loc     0x00003974       0xeb build/list.o
 .debug_loc     0x00003a5f     0x212d build/queue.o
 .debug_loc     0x00005b8c     0x2c36 build/tasks.o
 .debug_loc     0x000087c2     0x170b build/timers.o
 .debug_loc     0x00009ecd     0x65c1 build/cmsis_os2.o
 .debug_loc     0x0001048e      0x51c build/heap_4.o
 .debug_loc     0x000109aa      0x1c6 build/port.o

.debug_aranges  0x00000000      0xea0
 .debug_aranges
                0x00000000       0x48 build/main.o
 .debug_aranges
                0x00000048       0x58 build/stm32g4xx_it.o
 .debug_aranges
                0x000000a0       0x20 build/stm32g4xx_hal_msp.o
 .debug_aranges
                0x000000c0       0xc8 build/stm32g4xx_nucleo.o
 .debug_aranges
                0x00000188      0x148 build/stm32g4xx_hal.o
 .debug_aranges
                0x000002d0       0x98 build/stm32g4xx_hal_rcc.o
 .debug_aranges
                0x00000368       0x58 build/stm32g4xx_hal_gpio.o
 .debug_aranges
                0x000003c0       0x60 build/stm32g4xx_hal_exti.o
 .debug_aranges
                0x00000420      0x140 build/stm32g4xx_hal_pwr_ex.o
 .debug_aranges
                0x00000560       0xf0 build/stm32g4xx_hal_cortex.o
 .debug_aranges
                0x00000650       0x28 build/system_stm32g4xx.o
 .debug_aranges
                0x00000678       0x40 build/list.o
 .debug_aranges
                0x000006b8      0x158 build/queue.o
 .debug_aranges
                0x00000810      0x208 build/tasks.o
 .debug_aranges
                0x00000a18       0xf0 build/timers.o
 .debug_aranges
                0x00000b08      0x298 build/cmsis_os2.o
 .debug_aranges
                0x00000da0       0x58 build/heap_4.o
 .debug_aranges
                0x00000df8       0x80 build/port.o
 .debug_aranges
                0x00000e78       0x28 build/startup_stm32g431xx.o

.debug_ranges   0x00000000      0xfb8
 .debug_ranges  0x00000000       0x38 build/main.o
 .debug_ranges  0x00000038       0x48 build/stm32g4xx_it.o
 .debug_ranges  0x00000080       0x10 build/stm32g4xx_hal_msp.o
 .debug_ranges  0x00000090       0xb8 build/stm32g4xx_nucleo.o
 .debug_ranges  0x00000148      0x138 build/stm32g4xx_hal.o
 .debug_ranges  0x00000280       0xa0 build/stm32g4xx_hal_rcc.o
 .debug_ranges  0x00000320       0x48 build/stm32g4xx_hal_gpio.o
 .debug_ranges  0x00000368       0x50 build/stm32g4xx_hal_exti.o
 .debug_ranges  0x000003b8      0x130 build/stm32g4xx_hal_pwr_ex.o
 .debug_ranges  0x000004e8       0xe0 build/stm32g4xx_hal_cortex.o
 .debug_ranges  0x000005c8       0x18 build/system_stm32g4xx.o
 .debug_ranges  0x000005e0       0x30 build/list.o
 .debug_ranges  0x00000610      0x218 build/queue.o
 .debug_ranges  0x00000828      0x338 build/tasks.o
 .debug_ranges  0x00000b60       0xe0 build/timers.o
 .debug_ranges  0x00000c40      0x288 build/cmsis_os2.o
 .debug_ranges  0x00000ec8       0x48 build/heap_4.o
 .debug_ranges  0x00000f10       0x88 build/port.o
 .debug_ranges  0x00000f98       0x20 build/startup_stm32g431xx.o

.debug_line     0x00000000     0xd5b1
 .debug_line    0x00000000      0x3e2 build/main.o
 .debug_line    0x000003e2      0x214 build/stm32g4xx_it.o
 .debug_line    0x000005f6      0x1b2 build/stm32g4xx_hal_msp.o
 .debug_line    0x000007a8      0x64d build/stm32g4xx_nucleo.o
 .debug_line    0x00000df5      0x6db build/stm32g4xx_hal.o
 .debug_line    0x000014d0      0xea7 build/stm32g4xx_hal_rcc.o
 .debug_line    0x00002377      0x6b6 build/stm32g4xx_hal_gpio.o
 .debug_line    0x00002a2d      0x73f build/stm32g4xx_hal_exti.o
 .debug_line    0x0000316c      0xa3e build/stm32g4xx_hal_pwr_ex.o
 .debug_line    0x00003baa      0x809 build/stm32g4xx_hal_cortex.o
 .debug_line    0x000043b3      0x245 build/system_stm32g4xx.o
 .debug_line    0x000045f8      0x35f build/list.o
 .debug_line    0x00004957     0x1d04 build/queue.o
 .debug_line    0x0000665b     0x27d8 build/tasks.o
 .debug_line    0x00008e33      0xdfe build/timers.o
 .debug_line    0x00009c31     0x2bd3 build/cmsis_os2.o
 .debug_line    0x0000c804      0x712 build/heap_4.o
 .debug_line    0x0000cf16      0x627 build/port.o
 .debug_line    0x0000d53d       0x74 build/startup_stm32g431xx.o

.debug_str      0x00000000     0x5c35
 .debug_str     0x00000000     0x5c35 build/main.o
                                0xb61 (size before relaxing)
 .debug_str     0x00005c35      0x290 build/stm32g4xx_it.o
 .debug_str     0x00005c35      0x7a2 build/stm32g4xx_hal_msp.o
 .debug_str     0x00005c35     0x12f0 build/stm32g4xx_nucleo.o
 .debug_str     0x00005c35      0xc6c build/stm32g4xx_hal.o
 .debug_str     0x00005c35      0x82f build/stm32g4xx_hal_rcc.o
 .debug_str     0x00005c35      0x540 build/stm32g4xx_hal_gpio.o
 .debug_str     0x00005c35      0x431 build/stm32g4xx_hal_exti.o
 .debug_str     0x00005c35      0x7e2 build/stm32g4xx_hal_pwr_ex.o
 .debug_str     0x00005c35      0xbc2 build/stm32g4xx_hal_cortex.o
 .debug_str     0x00005c35      0x3c2 build/system_stm32g4xx.o
 .debug_str     0x00005c35      0x2fe build/list.o
 .debug_str     0x00005c35      0xd14 build/queue.o
 .debug_str     0x00005c35     0x12e3 build/tasks.o
 .debug_str     0x00005c35      0xc44 build/timers.o
 .debug_str     0x00005c35     0x2102 build/cmsis_os2.o
 .debug_str     0x00005c35      0x517 build/heap_4.o
 .debug_str     0x00005c35      0x47e build/port.o
 .debug_str     0x00005c35       0x7e build/startup_stm32g431xx.o

.debug_frame    0x00000000     0x2804
 .debug_frame   0x00000000       0xa8 build/main.o
 .debug_frame   0x000000a8       0xa0 build/stm32g4xx_it.o
 .debug_frame   0x00000148       0x2c build/stm32g4xx_hal_msp.o
 .debug_frame   0x00000174      0x244 build/stm32g4xx_nucleo.o
 .debug_frame   0x000003b8      0x2a4 build/stm32g4xx_hal.o
 .debug_frame   0x0000065c      0x198 build/stm32g4xx_hal_rcc.o
 .debug_frame   0x000007f4       0xd0 build/stm32g4xx_hal_gpio.o
 .debug_frame   0x000008c4       0xf4 build/stm32g4xx_hal_exti.o
 .debug_frame   0x000009b8      0x268 build/stm32g4xx_hal_pwr_ex.o
 .debug_frame   0x00000c20      0x204 build/stm32g4xx_hal_cortex.o
 .debug_frame   0x00000e24       0x30 build/system_stm32g4xx.o
 .debug_frame   0x00000e54       0x70 build/list.o
 .debug_frame   0x00000ec4      0x458 build/queue.o
 .debug_frame   0x0000131c      0x694 build/tasks.o
 .debug_frame   0x000019b0      0x30c build/timers.o
 .debug_frame   0x00001cbc      0x8f4 build/cmsis_os2.o
 .debug_frame   0x000025b0       0xd0 build/heap_4.o
 .debug_frame   0x00002680      0x110 build/port.o
 .debug_frame   0x00002790       0x20 /Applications/ArmGNUToolchain/14.2.rel1/arm-none-eabi/bin/../lib/gcc/arm-none-eabi/14.2.1/../../../../arm-none-eabi/lib/thumb/v7e-m+fp/hard/libc_nano.a(libc_a-memset.o)
 .debug_frame   0x000027b0       0x2c /Applications/ArmGNUToolchain/14.2.rel1/arm-none-eabi/bin/../lib/gcc/arm-none-eabi/14.2.1/../../../../arm-none-eabi/lib/thumb/v7e-m+fp/hard/libc_nano.a(libc_a-init.o)
 .debug_frame   0x000027dc       0x28 /Applications/ArmGNUToolchain/14.2.rel1/arm-none-eabi/bin/../lib/gcc/arm-none-eabi/14.2.1/../../../../arm-none-eabi/lib/thumb/v7e-m+fp/hard/libc_nano.a(libc_a-memcpy-stub.o)

Cross Reference Table

Symbol                                            File
ADC1_2_IRQHandler                                 build/startup_stm32g431xx.o
AHBPrescTable                                     build/system_stm32g4xx.o
                                                  build/stm32g4xx_hal_rcc.o
APBPrescTable                                     build/system_stm32g4xx.o
                                                  build/stm32g4xx_hal_rcc.o
BSP_COM_DeInit                                    build/stm32g4xx_nucleo.o
BSP_COM_Init                                      build/stm32g4xx_nucleo.o
BSP_COM_SelectLogPort                             build/stm32g4xx_nucleo.o
BSP_GetBoardID                                    build/stm32g4xx_nucleo.o
BSP_GetBoardName                                  build/stm32g4xx_nucleo.o
BSP_GetVersion                                    build/stm32g4xx_nucleo.o
BSP_LED_DeInit                                    build/stm32g4xx_nucleo.o
BSP_LED_GetState                                  build/stm32g4xx_nucleo.o
BSP_LED_Init                                      build/stm32g4xx_nucleo.o
BSP_LED_Off                                       build/stm32g4xx_nucleo.o
BSP_LED_On                                        build/stm32g4xx_nucleo.o
BSP_LED_Toggle                                    build/stm32g4xx_nucleo.o
BSP_PB_Callback                                   build/stm32g4xx_nucleo.o
BSP_PB_DeInit                                     build/stm32g4xx_nucleo.o
BSP_PB_GetState                                   build/stm32g4xx_nucleo.o
BSP_PB_IRQHandler                                 build/stm32g4xx_nucleo.o
                                                  build/stm32g4xx_it.o
BSP_PB_Init                                       build/stm32g4xx_nucleo.o
BusFault_Handler                                  build/stm32g4xx_it.o
COMP1_2_3_IRQHandler                              build/startup_stm32g431xx.o
COMP4_IRQHandler                                  build/startup_stm32g431xx.o
CORDIC_IRQHandler                                 build/startup_stm32g431xx.o
CRS_IRQHandler                                    build/startup_stm32g431xx.o
DMA1_Channel1_IRQHandler                          build/startup_stm32g431xx.o
DMA1_Channel2_IRQHandler                          build/startup_stm32g431xx.o
DMA1_Channel3_IRQHandler                          build/startup_stm32g431xx.o
DMA1_Channel4_IRQHandler                          build/startup_stm32g431xx.o
DMA1_Channel5_IRQHandler                          build/startup_stm32g431xx.o
DMA1_Channel6_IRQHandler                          build/startup_stm32g431xx.o
DMA2_Channel1_IRQHandler                          build/startup_stm32g431xx.o
DMA2_Channel2_IRQHandler                          build/startup_stm32g431xx.o
DMA2_Channel3_IRQHandler                          build/startup_stm32g431xx.o
DMA2_Channel4_IRQHandler                          build/startup_stm32g431xx.o
DMA2_Channel5_IRQHandler                          build/startup_stm32g431xx.o
DMA2_Channel6_IRQHandler                          build/startup_stm32g431xx.o
DMAMUX_OVR_IRQHandler                             build/startup_stm32g431xx.o
DebugMon_Handler                                  build/stm32g4xx_it.o
Default_Handler                                   build/startup_stm32g431xx.o
EXTI0_IRQHandler                                  build/startup_stm32g431xx.o
EXTI15_10_IRQHandler                              build/stm32g4xx_it.o
EXTI1_IRQHandler                                  build/startup_stm32g431xx.o
EXTI2_IRQHandler                                  build/startup_stm32g431xx.o
EXTI3_IRQHandler                                  build/startup_stm32g431xx.o
EXTI4_IRQHandler                                  build/startup_stm32g431xx.o
EXTI9_5_IRQHandler                                build/startup_stm32g431xx.o
Error_Handler                                     build/main.o
FDCAN1_IT0_IRQHandler                             build/startup_stm32g431xx.o
FDCAN1_IT1_IRQHandler                             build/startup_stm32g431xx.o
FLASH_FlushCaches                                 build/stm32g4xx_hal_flash_ex.o
                                                  build/stm32g4xx_hal_flash.o
FLASH_IRQHandler                                  build/startup_stm32g431xx.o
FLASH_PageErase                                   build/stm32g4xx_hal_flash_ex.o
                                                  build/stm32g4xx_hal_flash.o
FLASH_WaitForLastOperation                        build/stm32g4xx_hal_flash.o
                                                  build/stm32g4xx_hal_flash_ex.o
FMAC_IRQHandler                                   build/startup_stm32g431xx.o
FPU_IRQHandler                                    build/startup_stm32g431xx.o
HAL_DBGMCU_DisableDBGSleepMode                    build/stm32g4xx_hal.o
HAL_DBGMCU_DisableDBGStandbyMode                  build/stm32g4xx_hal.o
HAL_DBGMCU_DisableDBGStopMode                     build/stm32g4xx_hal.o
HAL_DBGMCU_EnableDBGSleepMode                     build/stm32g4xx_hal.o
HAL_DBGMCU_EnableDBGStandbyMode                   build/stm32g4xx_hal.o
HAL_DBGMCU_EnableDBGStopMode                      build/stm32g4xx_hal.o
HAL_DMAEx_ConfigMuxRequestGenerator               build/stm32g4xx_hal_dma_ex.o
HAL_DMAEx_ConfigMuxSync                           build/stm32g4xx_hal_dma_ex.o
HAL_DMAEx_DisableMuxRequestGenerator              build/stm32g4xx_hal_dma_ex.o
HAL_DMAEx_EnableMuxRequestGenerator               build/stm32g4xx_hal_dma_ex.o
HAL_DMAEx_MUX_IRQHandler                          build/stm32g4xx_hal_dma_ex.o
HAL_DMA_Abort                                     build/stm32g4xx_hal_dma.o
                                                  build/stm32g4xx_hal_uart.o
HAL_DMA_Abort_IT                                  build/stm32g4xx_hal_dma.o
                                                  build/stm32g4xx_hal_uart.o
HAL_DMA_DeInit                                    build/stm32g4xx_hal_dma.o
HAL_DMA_GetError                                  build/stm32g4xx_hal_dma.o
                                                  build/stm32g4xx_hal_uart.o
HAL_DMA_GetState                                  build/stm32g4xx_hal_dma.o
HAL_DMA_IRQHandler                                build/stm32g4xx_hal_dma.o
HAL_DMA_Init                                      build/stm32g4xx_hal_dma.o
HAL_DMA_PollForTransfer                           build/stm32g4xx_hal_dma.o
HAL_DMA_RegisterCallback                          build/stm32g4xx_hal_dma.o
HAL_DMA_Start                                     build/stm32g4xx_hal_dma.o
HAL_DMA_Start_IT                                  build/stm32g4xx_hal_dma.o
                                                  build/stm32g4xx_hal_uart.o
HAL_DMA_UnRegisterCallback                        build/stm32g4xx_hal_dma.o
HAL_DeInit                                        build/stm32g4xx_hal.o
HAL_Delay                                         build/stm32g4xx_hal.o
HAL_EXTI_ClearConfigLine                          build/stm32g4xx_hal_exti.o
HAL_EXTI_ClearPending                             build/stm32g4xx_hal_exti.o
HAL_EXTI_GenerateSWI                              build/stm32g4xx_hal_exti.o
HAL_EXTI_GetConfigLine                            build/stm32g4xx_hal_exti.o
HAL_EXTI_GetHandle                                build/stm32g4xx_hal_exti.o
                                                  build/stm32g4xx_nucleo.o
HAL_EXTI_GetPending                               build/stm32g4xx_hal_exti.o
HAL_EXTI_IRQHandler                               build/stm32g4xx_hal_exti.o
                                                  build/stm32g4xx_nucleo.o
HAL_EXTI_RegisterCallback                         build/stm32g4xx_hal_exti.o
                                                  build/stm32g4xx_nucleo.o
HAL_EXTI_SetConfigLine                            build/stm32g4xx_hal_exti.o
HAL_FLASHEx_DisableDebugger                       build/stm32g4xx_hal_flash_ex.o
HAL_FLASHEx_DisableRunPowerDown                   build/stm32g4xx_hal_flash_ramfunc.o
HAL_FLASHEx_EnableDebugger                        build/stm32g4xx_hal_flash_ex.o
HAL_FLASHEx_EnableRunPowerDown                    build/stm32g4xx_hal_flash_ramfunc.o
HAL_FLASHEx_EnableSecMemProtection                build/stm32g4xx_hal_flash_ex.o
HAL_FLASHEx_Erase                                 build/stm32g4xx_hal_flash_ex.o
HAL_FLASHEx_Erase_IT                              build/stm32g4xx_hal_flash_ex.o
HAL_FLASHEx_OBGetConfig                           build/stm32g4xx_hal_flash_ex.o
HAL_FLASHEx_OBProgram                             build/stm32g4xx_hal_flash_ex.o
HAL_FLASH_EndOfOperationCallback                  build/stm32g4xx_hal_flash.o
HAL_FLASH_GetError                                build/stm32g4xx_hal_flash.o
HAL_FLASH_IRQHandler                              build/stm32g4xx_hal_flash.o
HAL_FLASH_Lock                                    build/stm32g4xx_hal_flash.o
HAL_FLASH_OB_Launch                               build/stm32g4xx_hal_flash.o
HAL_FLASH_OB_Lock                                 build/stm32g4xx_hal_flash.o
HAL_FLASH_OB_Unlock                               build/stm32g4xx_hal_flash.o
HAL_FLASH_OperationErrorCallback                  build/stm32g4xx_hal_flash.o
HAL_FLASH_Program                                 build/stm32g4xx_hal_flash.o
HAL_FLASH_Program_IT                              build/stm32g4xx_hal_flash.o
HAL_FLASH_Unlock                                  build/stm32g4xx_hal_flash.o
HAL_GPIO_DeInit                                   build/stm32g4xx_hal_gpio.o
                                                  build/stm32g4xx_nucleo.o
HAL_GPIO_EXTI_Callback                            build/stm32g4xx_hal_gpio.o
HAL_GPIO_EXTI_IRQHandler                          build/stm32g4xx_hal_gpio.o
HAL_GPIO_Init                                     build/stm32g4xx_hal_gpio.o
                                                  build/stm32g4xx_hal_rcc_ex.o
                                                  build/stm32g4xx_hal_rcc.o
                                                  build/stm32g4xx_nucleo.o
                                                  build/main.o
HAL_GPIO_LockPin                                  build/stm32g4xx_hal_gpio.o
HAL_GPIO_ReadPin                                  build/stm32g4xx_hal_gpio.o
                                                  build/stm32g4xx_nucleo.o
HAL_GPIO_TogglePin                                build/stm32g4xx_hal_gpio.o
                                                  build/stm32g4xx_nucleo.o
                                                  build/main.o
HAL_GPIO_WritePin                                 build/stm32g4xx_hal_gpio.o
                                                  build/stm32g4xx_nucleo.o
                                                  build/main.o
HAL_GetDEVID                                      build/stm32g4xx_hal.o
HAL_GetHalVersion                                 build/stm32g4xx_hal.o
HAL_GetREVID                                      build/stm32g4xx_hal.o
HAL_GetTick                                       build/stm32g4xx_hal.o
                                                  build/stm32g4xx_hal_uart.o
                                                  build/stm32g4xx_hal_uart_ex.o
                                                  build/stm32g4xx_hal_dma.o
                                                  build/stm32g4xx_hal_flash.o
                                                  build/stm32g4xx_hal_rcc_ex.o
                                                  build/stm32g4xx_hal_rcc.o
HAL_GetTickFreq                                   build/stm32g4xx_hal.o
HAL_GetTickPrio                                   build/stm32g4xx_hal.o
HAL_GetUIDw0                                      build/stm32g4xx_hal.o
HAL_GetUIDw1                                      build/stm32g4xx_hal.o
HAL_GetUIDw2                                      build/stm32g4xx_hal.o
HAL_HalfDuplex_EnableReceiver                     build/stm32g4xx_hal_uart.o
HAL_HalfDuplex_EnableTransmitter                  build/stm32g4xx_hal_uart.o
HAL_HalfDuplex_Init                               build/stm32g4xx_hal_uart.o
HAL_IncTick                                       build/stm32g4xx_hal.o
                                                  build/stm32g4xx_it.o
HAL_Init                                          build/stm32g4xx_hal.o
                                                  build/main.o
HAL_InitTick                                      build/stm32g4xx_hal.o
                                                  build/stm32g4xx_hal_rcc.o
HAL_LIN_Init                                      build/stm32g4xx_hal_uart.o
HAL_LIN_SendBreak                                 build/stm32g4xx_hal_uart.o
HAL_MPU_ConfigRegion                              build/stm32g4xx_hal_cortex.o
HAL_MPU_Disable                                   build/stm32g4xx_hal_cortex.o
HAL_MPU_DisableRegion                             build/stm32g4xx_hal_cortex.o
HAL_MPU_Enable                                    build/stm32g4xx_hal_cortex.o
HAL_MPU_EnableRegion                              build/stm32g4xx_hal_cortex.o
HAL_MspDeInit                                     build/stm32g4xx_hal.o
HAL_MspInit                                       build/stm32g4xx_hal_msp.o
HAL_MultiProcessorEx_AddressLength_Set            build/stm32g4xx_hal_uart_ex.o
HAL_MultiProcessor_DisableMuteMode                build/stm32g4xx_hal_uart.o
HAL_MultiProcessor_EnableMuteMode                 build/stm32g4xx_hal_uart.o
HAL_MultiProcessor_EnterMuteMode                  build/stm32g4xx_hal_uart.o
HAL_MultiProcessor_Init                           build/stm32g4xx_hal_uart.o
HAL_NVIC_ClearPendingIRQ                          build/stm32g4xx_hal_cortex.o
HAL_NVIC_DisableIRQ                               build/stm32g4xx_hal_cortex.o
                                                  build/stm32g4xx_nucleo.o
HAL_NVIC_EnableIRQ                                build/stm32g4xx_hal_cortex.o
                                                  build/stm32g4xx_nucleo.o
HAL_NVIC_GetActive                                build/stm32g4xx_hal_cortex.o
HAL_NVIC_GetPendingIRQ                            build/stm32g4xx_hal_cortex.o
HAL_NVIC_GetPriority                              build/stm32g4xx_hal_cortex.o
HAL_NVIC_GetPriorityGrouping                      build/stm32g4xx_hal_cortex.o
HAL_NVIC_SetPendingIRQ                            build/stm32g4xx_hal_cortex.o
HAL_NVIC_SetPriority                              build/stm32g4xx_hal_cortex.o
                                                  build/stm32g4xx_hal.o
                                                  build/stm32g4xx_nucleo.o
                                                  build/stm32g4xx_hal_msp.o
HAL_NVIC_SetPriorityGrouping                      build/stm32g4xx_hal_cortex.o
                                                  build/stm32g4xx_hal.o
HAL_NVIC_SystemReset                              build/stm32g4xx_hal_cortex.o
HAL_PWREx_ConfigPVM                               build/stm32g4xx_hal_pwr_ex.o
HAL_PWREx_ControlVoltageScaling                   build/stm32g4xx_hal_pwr_ex.o
                                                  build/main.o
HAL_PWREx_DisableBatteryCharging                  build/stm32g4xx_hal_pwr_ex.o
HAL_PWREx_DisableGPIOPullDown                     build/stm32g4xx_hal_pwr_ex.o
HAL_PWREx_DisableGPIOPullUp                       build/stm32g4xx_hal_pwr_ex.o
HAL_PWREx_DisableInternalWakeUpLine               build/stm32g4xx_hal_pwr_ex.o
HAL_PWREx_DisableLowPowerRunMode                  build/stm32g4xx_hal_pwr_ex.o
                                                  build/stm32g4xx_hal_pwr.o
HAL_PWREx_DisablePVM1                             build/stm32g4xx_hal_pwr_ex.o
HAL_PWREx_DisablePVM2                             build/stm32g4xx_hal_pwr_ex.o
HAL_PWREx_DisablePVM3                             build/stm32g4xx_hal_pwr_ex.o
HAL_PWREx_DisablePVM4                             build/stm32g4xx_hal_pwr_ex.o
HAL_PWREx_DisablePullUpPullDownConfig             build/stm32g4xx_hal_pwr_ex.o
HAL_PWREx_DisableSRAM2ContentRetention            build/stm32g4xx_hal_pwr_ex.o
HAL_PWREx_DisableUCPDDeadBattery                  build/stm32g4xx_hal_pwr_ex.o
                                                  build/stm32g4xx_hal_msp.o
HAL_PWREx_DisableUCPDStandbyMode                  build/stm32g4xx_hal_pwr_ex.o
HAL_PWREx_EnableBatteryCharging                   build/stm32g4xx_hal_pwr_ex.o
HAL_PWREx_EnableGPIOPullDown                      build/stm32g4xx_hal_pwr_ex.o
HAL_PWREx_EnableGPIOPullUp                        build/stm32g4xx_hal_pwr_ex.o
HAL_PWREx_EnableInternalWakeUpLine                build/stm32g4xx_hal_pwr_ex.o
HAL_PWREx_EnableLowPowerRunMode                   build/stm32g4xx_hal_pwr_ex.o
                                                  build/stm32g4xx_hal_pwr.o
HAL_PWREx_EnablePVM1                              build/stm32g4xx_hal_pwr_ex.o
HAL_PWREx_EnablePVM2                              build/stm32g4xx_hal_pwr_ex.o
HAL_PWREx_EnablePVM3                              build/stm32g4xx_hal_pwr_ex.o
HAL_PWREx_EnablePVM4                              build/stm32g4xx_hal_pwr_ex.o
HAL_PWREx_EnablePullUpPullDownConfig              build/stm32g4xx_hal_pwr_ex.o
HAL_PWREx_EnableSRAM2ContentRetention             build/stm32g4xx_hal_pwr_ex.o
HAL_PWREx_EnableUCPDDeadBattery                   build/stm32g4xx_hal_pwr_ex.o
HAL_PWREx_EnableUCPDStandbyMode                   build/stm32g4xx_hal_pwr_ex.o
HAL_PWREx_EnterSHUTDOWNMode                       build/stm32g4xx_hal_pwr_ex.o
HAL_PWREx_EnterSTOP0Mode                          build/stm32g4xx_hal_pwr_ex.o
                                                  build/stm32g4xx_hal_pwr.o
HAL_PWREx_EnterSTOP1Mode                          build/stm32g4xx_hal_pwr_ex.o
                                                  build/stm32g4xx_hal_pwr.o
HAL_PWREx_GetVoltageRange                         build/stm32g4xx_hal_pwr_ex.o
HAL_PWREx_PVD_PVM_IRQHandler                      build/stm32g4xx_hal_pwr_ex.o
HAL_PWREx_PVM1Callback                            build/stm32g4xx_hal_pwr_ex.o
HAL_PWREx_PVM2Callback                            build/stm32g4xx_hal_pwr_ex.o
HAL_PWREx_PVM3Callback                            build/stm32g4xx_hal_pwr_ex.o
HAL_PWREx_PVM4Callback                            build/stm32g4xx_hal_pwr_ex.o
HAL_PWR_ConfigPVD                                 build/stm32g4xx_hal_pwr.o
HAL_PWR_DeInit                                    build/stm32g4xx_hal_pwr.o
HAL_PWR_DisableBkUpAccess                         build/stm32g4xx_hal_pwr.o
                                                  build/stm32g4xx_hal_rcc_ex.o
HAL_PWR_DisablePVD                                build/stm32g4xx_hal_pwr.o
HAL_PWR_DisableSEVOnPend                          build/stm32g4xx_hal_pwr.o
HAL_PWR_DisableSleepOnExit                        build/stm32g4xx_hal_pwr.o
HAL_PWR_DisableWakeUpPin                          build/stm32g4xx_hal_pwr.o
HAL_PWR_EnableBkUpAccess                          build/stm32g4xx_hal_pwr.o
                                                  build/stm32g4xx_hal_rcc_ex.o
HAL_PWR_EnablePVD                                 build/stm32g4xx_hal_pwr.o
HAL_PWR_EnableSEVOnPend                           build/stm32g4xx_hal_pwr.o
HAL_PWR_EnableSleepOnExit                         build/stm32g4xx_hal_pwr.o
HAL_PWR_EnableWakeUpPin                           build/stm32g4xx_hal_pwr.o
HAL_PWR_EnterSLEEPMode                            build/stm32g4xx_hal_pwr.o
HAL_PWR_EnterSTANDBYMode                          build/stm32g4xx_hal_pwr.o
HAL_PWR_EnterSTOPMode                             build/stm32g4xx_hal_pwr.o
HAL_PWR_PVDCallback                               build/stm32g4xx_hal_pwr.o
                                                  build/stm32g4xx_hal_pwr_ex.o
HAL_RCCEx_CRSConfig                               build/stm32g4xx_hal_rcc_ex.o
HAL_RCCEx_CRSGetSynchronizationInfo               build/stm32g4xx_hal_rcc_ex.o
HAL_RCCEx_CRSSoftwareSynchronizationGenerate      build/stm32g4xx_hal_rcc_ex.o
HAL_RCCEx_CRSWaitSynchronization                  build/stm32g4xx_hal_rcc_ex.o
HAL_RCCEx_CRS_ErrorCallback                       build/stm32g4xx_hal_rcc_ex.o
HAL_RCCEx_CRS_ExpectedSyncCallback                build/stm32g4xx_hal_rcc_ex.o
HAL_RCCEx_CRS_IRQHandler                          build/stm32g4xx_hal_rcc_ex.o
HAL_RCCEx_CRS_SyncOkCallback                      build/stm32g4xx_hal_rcc_ex.o
HAL_RCCEx_CRS_SyncWarnCallback                    build/stm32g4xx_hal_rcc_ex.o
HAL_RCCEx_DisableLSCO                             build/stm32g4xx_hal_rcc_ex.o
HAL_RCCEx_DisableLSECSS                           build/stm32g4xx_hal_rcc_ex.o
HAL_RCCEx_EnableLSCO                              build/stm32g4xx_hal_rcc_ex.o
HAL_RCCEx_EnableLSECSS                            build/stm32g4xx_hal_rcc_ex.o
HAL_RCCEx_EnableLSECSS_IT                         build/stm32g4xx_hal_rcc_ex.o
HAL_RCCEx_GetPeriphCLKConfig                      build/stm32g4xx_hal_rcc_ex.o
HAL_RCCEx_GetPeriphCLKFreq                        build/stm32g4xx_hal_rcc_ex.o
HAL_RCCEx_LSECSS_Callback                         build/stm32g4xx_hal_rcc_ex.o
HAL_RCCEx_LSECSS_IRQHandler                       build/stm32g4xx_hal_rcc_ex.o
HAL_RCCEx_PeriphCLKConfig                         build/stm32g4xx_hal_rcc_ex.o
HAL_RCC_CSSCallback                               build/stm32g4xx_hal_rcc.o
HAL_RCC_ClockConfig                               build/stm32g4xx_hal_rcc.o
                                                  build/main.o
HAL_RCC_DeInit                                    build/stm32g4xx_hal_rcc.o
HAL_RCC_DisableLSECSS                             build/stm32g4xx_hal_rcc.o
HAL_RCC_EnableCSS                                 build/stm32g4xx_hal_rcc.o
HAL_RCC_EnableLSECSS                              build/stm32g4xx_hal_rcc.o
HAL_RCC_GetClockConfig                            build/stm32g4xx_hal_rcc.o
HAL_RCC_GetHCLKFreq                               build/stm32g4xx_hal_rcc.o
HAL_RCC_GetOscConfig                              build/stm32g4xx_hal_rcc.o
HAL_RCC_GetPCLK1Freq                              build/stm32g4xx_hal_rcc.o
                                                  build/stm32g4xx_hal_uart.o
                                                  build/stm32g4xx_hal_rcc_ex.o
HAL_RCC_GetPCLK2Freq                              build/stm32g4xx_hal_rcc.o
                                                  build/stm32g4xx_hal_uart.o
                                                  build/stm32g4xx_hal_rcc_ex.o
HAL_RCC_GetSysClockFreq                           build/stm32g4xx_hal_rcc.o
                                                  build/stm32g4xx_hal_uart.o
                                                  build/stm32g4xx_hal_rcc_ex.o
HAL_RCC_MCOConfig                                 build/stm32g4xx_hal_rcc.o
HAL_RCC_NMI_IRQHandler                            build/stm32g4xx_hal_rcc.o
HAL_RCC_OscConfig                                 build/stm32g4xx_hal_rcc.o
                                                  build/main.o
HAL_RS485Ex_Init                                  build/stm32g4xx_hal_uart_ex.o
HAL_ResumeTick                                    build/stm32g4xx_hal.o
HAL_SYSCFG_CCMSRAMErase                           build/stm32g4xx_hal.o
HAL_SYSCFG_CCMSRAM_WriteProtectionEnable          build/stm32g4xx_hal.o
HAL_SYSCFG_DisableIOSwitchBooster                 build/stm32g4xx_hal.o
HAL_SYSCFG_DisableIOSwitchVDD                     build/stm32g4xx_hal.o
HAL_SYSCFG_DisableMemorySwappingBank              build/stm32g4xx_hal.o
HAL_SYSCFG_DisableVREFBUF                         build/stm32g4xx_hal.o
HAL_SYSCFG_EnableIOSwitchBooster                  build/stm32g4xx_hal.o
HAL_SYSCFG_EnableIOSwitchVDD                      build/stm32g4xx_hal.o
HAL_SYSCFG_EnableMemorySwappingBank               build/stm32g4xx_hal.o
HAL_SYSCFG_EnableVREFBUF                          build/stm32g4xx_hal.o
HAL_SYSCFG_VREFBUF_HighImpedanceConfig            build/stm32g4xx_hal.o
HAL_SYSCFG_VREFBUF_TrimmingConfig                 build/stm32g4xx_hal.o
HAL_SYSCFG_VREFBUF_VoltageScalingConfig           build/stm32g4xx_hal.o
HAL_SYSTICK_CLKSourceConfig                       build/stm32g4xx_hal_cortex.o
HAL_SYSTICK_Callback                              build/stm32g4xx_hal_cortex.o
HAL_SYSTICK_Config                                build/stm32g4xx_hal_cortex.o
                                                  build/stm32g4xx_hal.o
HAL_SYSTICK_IRQHandler                            build/stm32g4xx_hal_cortex.o
HAL_SetTickFreq                                   build/stm32g4xx_hal.o
HAL_SuspendTick                                   build/stm32g4xx_hal.o
HAL_UARTEx_DisableFifoMode                        build/stm32g4xx_hal_uart_ex.o
HAL_UARTEx_DisableStopMode                        build/stm32g4xx_hal_uart_ex.o
HAL_UARTEx_EnableFifoMode                         build/stm32g4xx_hal_uart_ex.o
HAL_UARTEx_EnableStopMode                         build/stm32g4xx_hal_uart_ex.o
HAL_UARTEx_GetRxEventType                         build/stm32g4xx_hal_uart_ex.o
HAL_UARTEx_ReceiveToIdle                          build/stm32g4xx_hal_uart_ex.o
HAL_UARTEx_ReceiveToIdle_DMA                      build/stm32g4xx_hal_uart_ex.o
HAL_UARTEx_ReceiveToIdle_IT                       build/stm32g4xx_hal_uart_ex.o
HAL_UARTEx_RxEventCallback                        build/stm32g4xx_hal_uart.o
HAL_UARTEx_RxFifoFullCallback                     build/stm32g4xx_hal_uart_ex.o
                                                  build/stm32g4xx_hal_uart.o
HAL_UARTEx_SetRxFifoThreshold                     build/stm32g4xx_hal_uart_ex.o
HAL_UARTEx_SetTxFifoThreshold                     build/stm32g4xx_hal_uart_ex.o
HAL_UARTEx_StopModeWakeUpSourceConfig             build/stm32g4xx_hal_uart_ex.o
HAL_UARTEx_TxFifoEmptyCallback                    build/stm32g4xx_hal_uart_ex.o
                                                  build/stm32g4xx_hal_uart.o
HAL_UARTEx_WakeupCallback                         build/stm32g4xx_hal_uart_ex.o
                                                  build/stm32g4xx_hal_uart.o
HAL_UART_Abort                                    build/stm32g4xx_hal_uart.o
HAL_UART_AbortCpltCallback                        build/stm32g4xx_hal_uart.o
HAL_UART_AbortReceive                             build/stm32g4xx_hal_uart.o
HAL_UART_AbortReceiveCpltCallback                 build/stm32g4xx_hal_uart.o
HAL_UART_AbortReceive_IT                          build/stm32g4xx_hal_uart.o
HAL_UART_AbortTransmit                            build/stm32g4xx_hal_uart.o
HAL_UART_AbortTransmitCpltCallback                build/stm32g4xx_hal_uart.o
HAL_UART_AbortTransmit_IT                         build/stm32g4xx_hal_uart.o
HAL_UART_Abort_IT                                 build/stm32g4xx_hal_uart.o
HAL_UART_DMAPause                                 build/stm32g4xx_hal_uart.o
HAL_UART_DMAResume                                build/stm32g4xx_hal_uart.o
HAL_UART_DMAStop                                  build/stm32g4xx_hal_uart.o
HAL_UART_DeInit                                   build/stm32g4xx_hal_uart.o
                                                  build/stm32g4xx_nucleo.o
HAL_UART_DisableReceiverTimeout                   build/stm32g4xx_hal_uart.o
HAL_UART_EnableReceiverTimeout                    build/stm32g4xx_hal_uart.o
HAL_UART_ErrorCallback                            build/stm32g4xx_hal_uart.o
HAL_UART_GetError                                 build/stm32g4xx_hal_uart.o
HAL_UART_GetState                                 build/stm32g4xx_hal_uart.o
HAL_UART_IRQHandler                               build/stm32g4xx_hal_uart.o
HAL_UART_Init                                     build/stm32g4xx_hal_uart.o
                                                  build/stm32g4xx_nucleo.o
HAL_UART_MspDeInit                                build/stm32g4xx_hal_uart.o
HAL_UART_MspInit                                  build/stm32g4xx_hal_uart.o
                                                  build/stm32g4xx_hal_uart_ex.o
HAL_UART_Receive                                  build/stm32g4xx_hal_uart.o
HAL_UART_Receive_DMA                              build/stm32g4xx_hal_uart.o
HAL_UART_Receive_IT                               build/stm32g4xx_hal_uart.o
HAL_UART_ReceiverTimeout_Config                   build/stm32g4xx_hal_uart.o
HAL_UART_RxCpltCallback                           build/stm32g4xx_hal_uart.o
HAL_UART_RxHalfCpltCallback                       build/stm32g4xx_hal_uart.o
HAL_UART_Transmit                                 build/stm32g4xx_hal_uart.o
                                                  build/stm32g4xx_nucleo.o
HAL_UART_Transmit_DMA                             build/stm32g4xx_hal_uart.o
HAL_UART_Transmit_IT                              build/stm32g4xx_hal_uart.o
HAL_UART_TxCpltCallback                           build/stm32g4xx_hal_uart.o
HAL_UART_TxHalfCpltCallback                       build/stm32g4xx_hal_uart.o
HardFault_Handler                                 build/stm32g4xx_it.o
I2C1_ER_IRQHandler                                build/startup_stm32g431xx.o
I2C1_EV_IRQHandler                                build/startup_stm32g431xx.o
I2C2_ER_IRQHandler                                build/startup_stm32g431xx.o
I2C2_EV_IRQHandler                                build/startup_stm32g431xx.o
I2C3_ER_IRQHandler                                build/startup_stm32g431xx.o
I2C3_EV_IRQHandler                                build/startup_stm32g431xx.o
LPTIM1_IRQHandler                                 build/startup_stm32g431xx.o
LPUART1_IRQHandler                                build/startup_stm32g431xx.o
MX_LPUART1_Init                                   build/stm32g4xx_nucleo.o
MemManage_Handler                                 build/stm32g4xx_it.o
NMI_Handler                                       build/stm32g4xx_it.o
PVD_PVM_IRQHandler                                build/startup_stm32g431xx.o
PendSV_Handler                                    build/port.o
RCC_IRQHandler                                    build/startup_stm32g431xx.o
RNG_IRQHandler                                    build/startup_stm32g431xx.o
RTC_Alarm_IRQHandler                              build/startup_stm32g431xx.o
RTC_TAMP_LSECSS_IRQHandler                        build/startup_stm32g431xx.o
RTC_WKUP_IRQHandler                               build/startup_stm32g431xx.o
Reset_Handler                                     build/startup_stm32g431xx.o
SAI1_IRQHandler                                   build/startup_stm32g431xx.o
SPI1_IRQHandler                                   build/startup_stm32g431xx.o
SPI2_IRQHandler                                   build/startup_stm32g431xx.o
SPI3_IRQHandler                                   build/startup_stm32g431xx.o
SVC_Handler                                       build/port.o
StartLEDTask1                                     build/main.o
StartLEDTask2                                     build/main.o
SysTick_Handler                                   build/stm32g4xx_it.o
SystemClock_Config                                build/main.o
SystemCoreClock                                   build/system_stm32g4xx.o
                                                  build/port.o
                                                  build/cmsis_os2.o
                                                  build/stm32g4xx_hal_pwr_ex.o
                                                  build/stm32g4xx_hal_rcc.o
                                                  build/stm32g4xx_hal.o
SystemCoreClockUpdate                             build/system_stm32g4xx.o
SystemInit                                        build/system_stm32g4xx.o
                                                  build/startup_stm32g431xx.o
TIM1_BRK_TIM15_IRQHandler                         build/startup_stm32g431xx.o
TIM1_CC_IRQHandler                                build/startup_stm32g431xx.o
TIM1_TRG_COM_TIM17_IRQHandler                     build/startup_stm32g431xx.o
TIM1_UP_TIM16_IRQHandler                          build/startup_stm32g431xx.o
TIM2_IRQHandler                                   build/startup_stm32g431xx.o
TIM3_IRQHandler                                   build/startup_stm32g431xx.o
TIM4_IRQHandler                                   build/startup_stm32g431xx.o
TIM6_DAC_IRQHandler                               build/startup_stm32g431xx.o
TIM7_IRQHandler                                   build/startup_stm32g431xx.o
TIM8_BRK_IRQHandler                               build/startup_stm32g431xx.o
TIM8_CC_IRQHandler                                build/startup_stm32g431xx.o
TIM8_TRG_COM_IRQHandler                           build/startup_stm32g431xx.o
TIM8_UP_IRQHandler                                build/startup_stm32g431xx.o
UART4_IRQHandler                                  build/startup_stm32g431xx.o
UARTPrescTable                                    build/stm32g4xx_hal_uart.o
UART_AdvFeatureConfig                             build/stm32g4xx_hal_uart.o
                                                  build/stm32g4xx_hal_uart_ex.o
UART_CheckIdleState                               build/stm32g4xx_hal_uart.o
                                                  build/stm32g4xx_hal_uart_ex.o
UART_SetConfig                                    build/stm32g4xx_hal_uart.o
                                                  build/stm32g4xx_hal_uart_ex.o
UART_Start_Receive_DMA                            build/stm32g4xx_hal_uart.o
                                                  build/stm32g4xx_hal_uart_ex.o
UART_Start_Receive_IT                             build/stm32g4xx_hal_uart.o
                                                  build/stm32g4xx_hal_uart_ex.o
UART_WaitOnFlagUntilTimeout                       build/stm32g4xx_hal_uart.o
                                                  build/stm32g4xx_hal_uart_ex.o
UCPD1_IRQHandler                                  build/startup_stm32g431xx.o
USART1_IRQHandler                                 build/startup_stm32g431xx.o
USART2_IRQHandler                                 build/startup_stm32g431xx.o
USART3_IRQHandler                                 build/startup_stm32g431xx.o
USBWakeUp_IRQHandler                              build/startup_stm32g431xx.o
USB_HP_IRQHandler                                 build/startup_stm32g431xx.o
USB_LP_IRQHandler                                 build/startup_stm32g431xx.o
UsageFault_Handler                                build/stm32g4xx_it.o
WWDG_IRQHandler                                   build/startup_stm32g431xx.o
_ITM_deregisterTMCloneTable                       /Applications/ArmGNUToolchain/14.2.rel1/arm-none-eabi/bin/../lib/gcc/arm-none-eabi/14.2.1/thumb/v7e-m+fp/hard/crtbegin.o
_ITM_registerTMCloneTable                         /Applications/ArmGNUToolchain/14.2.rel1/arm-none-eabi/bin/../lib/gcc/arm-none-eabi/14.2.1/thumb/v7e-m+fp/hard/crtbegin.o
__TMC_END__                                       /Applications/ArmGNUToolchain/14.2.rel1/arm-none-eabi/bin/../lib/gcc/arm-none-eabi/14.2.1/thumb/v7e-m+fp/hard/crtend.o
                                                  /Applications/ArmGNUToolchain/14.2.rel1/arm-none-eabi/bin/../lib/gcc/arm-none-eabi/14.2.1/thumb/v7e-m+fp/hard/crtbegin.o
__aeabi_idiv0                                     /Applications/ArmGNUToolchain/14.2.rel1/arm-none-eabi/bin/../lib/gcc/arm-none-eabi/14.2.1/thumb/v7e-m+fp/hard/libgcc.a(_dvmd_tls.o)
__aeabi_ldiv0                                     /Applications/ArmGNUToolchain/14.2.rel1/arm-none-eabi/bin/../lib/gcc/arm-none-eabi/14.2.1/thumb/v7e-m+fp/hard/libgcc.a(_dvmd_tls.o)
                                                  /Applications/ArmGNUToolchain/14.2.rel1/arm-none-eabi/bin/../lib/gcc/arm-none-eabi/14.2.1/thumb/v7e-m+fp/hard/libgcc.a(_aeabi_uldivmod.o)
__aeabi_uldivmod                                  /Applications/ArmGNUToolchain/14.2.rel1/arm-none-eabi/bin/../lib/gcc/arm-none-eabi/14.2.1/thumb/v7e-m+fp/hard/libgcc.a(_aeabi_uldivmod.o)
                                                  build/stm32g4xx_hal_uart.o
__bss_end__                                       /Applications/ArmGNUToolchain/14.2.rel1/arm-none-eabi/bin/../lib/gcc/arm-none-eabi/14.2.1/../../../../arm-none-eabi/lib/thumb/v7e-m+fp/hard/crt0.o
__bss_start__                                     /Applications/ArmGNUToolchain/14.2.rel1/arm-none-eabi/bin/../lib/gcc/arm-none-eabi/14.2.1/../../../../arm-none-eabi/lib/thumb/v7e-m+fp/hard/crt0.o
__call_exitprocs                                  /Applications/ArmGNUToolchain/14.2.rel1/arm-none-eabi/bin/../lib/gcc/arm-none-eabi/14.2.1/../../../../arm-none-eabi/lib/thumb/v7e-m+fp/hard/libc_nano.a(libc_a-exit.o)
__deregister_frame_info                           /Applications/ArmGNUToolchain/14.2.rel1/arm-none-eabi/bin/../lib/gcc/arm-none-eabi/14.2.1/thumb/v7e-m+fp/hard/crtbegin.o
__dso_handle                                      /Applications/ArmGNUToolchain/14.2.rel1/arm-none-eabi/bin/../lib/gcc/arm-none-eabi/14.2.1/thumb/v7e-m+fp/hard/crtbegin.o
__fp_lock_all                                     /Applications/ArmGNUToolchain/14.2.rel1/arm-none-eabi/bin/../lib/gcc/arm-none-eabi/14.2.1/../../../../arm-none-eabi/lib/thumb/v7e-m+fp/hard/libc_nano.a(libc_a-findfp.o)
__fp_unlock_all                                   /Applications/ArmGNUToolchain/14.2.rel1/arm-none-eabi/bin/../lib/gcc/arm-none-eabi/14.2.1/../../../../arm-none-eabi/lib/thumb/v7e-m+fp/hard/libc_nano.a(libc_a-findfp.o)
__init_array_end                                  /Applications/ArmGNUToolchain/14.2.rel1/arm-none-eabi/bin/../lib/gcc/arm-none-eabi/14.2.1/../../../../arm-none-eabi/lib/thumb/v7e-m+fp/hard/libc_nano.a(libc_a-init.o)
__init_array_start                                /Applications/ArmGNUToolchain/14.2.rel1/arm-none-eabi/bin/../lib/gcc/arm-none-eabi/14.2.1/../../../../arm-none-eabi/lib/thumb/v7e-m+fp/hard/libc_nano.a(libc_a-init.o)
__io_putchar                                      build/stm32g4xx_nucleo.o
__libc_fini_array                                 /Applications/ArmGNUToolchain/14.2.rel1/arm-none-eabi/bin/../lib/gcc/arm-none-eabi/14.2.1/../../../../arm-none-eabi/lib/thumb/v7e-m+fp/hard/crt0.o
__libc_init_array                                 /Applications/ArmGNUToolchain/14.2.rel1/arm-none-eabi/bin/../lib/gcc/arm-none-eabi/14.2.1/../../../../arm-none-eabi/lib/thumb/v7e-m+fp/hard/libc_nano.a(libc_a-init.o)
                                                  build/startup_stm32g431xx.o
                                                  /Applications/ArmGNUToolchain/14.2.rel1/arm-none-eabi/bin/../lib/gcc/arm-none-eabi/14.2.1/../../../../arm-none-eabi/lib/thumb/v7e-m+fp/hard/crt0.o
__lock___arc4random_mutex                         /Applications/ArmGNUToolchain/14.2.rel1/arm-none-eabi/bin/../lib/gcc/arm-none-eabi/14.2.1/../../../../arm-none-eabi/lib/thumb/v7e-m+fp/hard/libc_nano.a(libc_a-lock.o)
__lock___at_quick_exit_mutex                      /Applications/ArmGNUToolchain/14.2.rel1/arm-none-eabi/bin/../lib/gcc/arm-none-eabi/14.2.1/../../../../arm-none-eabi/lib/thumb/v7e-m+fp/hard/libc_nano.a(libc_a-lock.o)
__lock___atexit_recursive_mutex                   /Applications/ArmGNUToolchain/14.2.rel1/arm-none-eabi/bin/../lib/gcc/arm-none-eabi/14.2.1/../../../../arm-none-eabi/lib/thumb/v7e-m+fp/hard/libc_nano.a(libc_a-lock.o)
__lock___dd_hash_mutex                            /Applications/ArmGNUToolchain/14.2.rel1/arm-none-eabi/bin/../lib/gcc/arm-none-eabi/14.2.1/../../../../arm-none-eabi/lib/thumb/v7e-m+fp/hard/libc_nano.a(libc_a-lock.o)
__lock___env_recursive_mutex                      /Applications/ArmGNUToolchain/14.2.rel1/arm-none-eabi/bin/../lib/gcc/arm-none-eabi/14.2.1/../../../../arm-none-eabi/lib/thumb/v7e-m+fp/hard/libc_nano.a(libc_a-lock.o)
__lock___malloc_recursive_mutex                   /Applications/ArmGNUToolchain/14.2.rel1/arm-none-eabi/bin/../lib/gcc/arm-none-eabi/14.2.1/../../../../arm-none-eabi/lib/thumb/v7e-m+fp/hard/libc_nano.a(libc_a-lock.o)
                                                  /Applications/ArmGNUToolchain/14.2.rel1/arm-none-eabi/bin/../lib/gcc/arm-none-eabi/14.2.1/../../../../arm-none-eabi/lib/thumb/v7e-m+fp/hard/libc_nano.a(libc_a-mlock.o)
__lock___sfp_recursive_mutex                      /Applications/ArmGNUToolchain/14.2.rel1/arm-none-eabi/bin/../lib/gcc/arm-none-eabi/14.2.1/../../../../arm-none-eabi/lib/thumb/v7e-m+fp/hard/libc_nano.a(libc_a-lock.o)
                                                  /Applications/ArmGNUToolchain/14.2.rel1/arm-none-eabi/bin/../lib/gcc/arm-none-eabi/14.2.1/../../../../arm-none-eabi/lib/thumb/v7e-m+fp/hard/libc_nano.a(libc_a-findfp.o)
__lock___tz_mutex                                 /Applications/ArmGNUToolchain/14.2.rel1/arm-none-eabi/bin/../lib/gcc/arm-none-eabi/14.2.1/../../../../arm-none-eabi/lib/thumb/v7e-m+fp/hard/libc_nano.a(libc_a-lock.o)
__malloc_free_list                                /Applications/ArmGNUToolchain/14.2.rel1/arm-none-eabi/bin/../lib/gcc/arm-none-eabi/14.2.1/../../../../arm-none-eabi/lib/thumb/v7e-m+fp/hard/libc_nano.a(libc_a-mallocr.o)
                                                  /Applications/ArmGNUToolchain/14.2.rel1/arm-none-eabi/bin/../lib/gcc/arm-none-eabi/14.2.1/../../../../arm-none-eabi/lib/thumb/v7e-m+fp/hard/libc_nano.a(libc_a-freer.o)
__malloc_lock                                     /Applications/ArmGNUToolchain/14.2.rel1/arm-none-eabi/bin/../lib/gcc/arm-none-eabi/14.2.1/../../../../arm-none-eabi/lib/thumb/v7e-m+fp/hard/libc_nano.a(libc_a-mlock.o)
                                                  /Applications/ArmGNUToolchain/14.2.rel1/arm-none-eabi/bin/../lib/gcc/arm-none-eabi/14.2.1/../../../../arm-none-eabi/lib/thumb/v7e-m+fp/hard/libc_nano.a(libc_a-freer.o)
                                                  /Applications/ArmGNUToolchain/14.2.rel1/arm-none-eabi/bin/../lib/gcc/arm-none-eabi/14.2.1/../../../../arm-none-eabi/lib/thumb/v7e-m+fp/hard/libc_nano.a(libc_a-mallocr.o)
__malloc_sbrk_start                               /Applications/ArmGNUToolchain/14.2.rel1/arm-none-eabi/bin/../lib/gcc/arm-none-eabi/14.2.1/../../../../arm-none-eabi/lib/thumb/v7e-m+fp/hard/libc_nano.a(libc_a-mallocr.o)
__malloc_unlock                                   /Applications/ArmGNUToolchain/14.2.rel1/arm-none-eabi/bin/../lib/gcc/arm-none-eabi/14.2.1/../../../../arm-none-eabi/lib/thumb/v7e-m+fp/hard/libc_nano.a(libc_a-mlock.o)
                                                  /Applications/ArmGNUToolchain/14.2.rel1/arm-none-eabi/bin/../lib/gcc/arm-none-eabi/14.2.1/../../../../arm-none-eabi/lib/thumb/v7e-m+fp/hard/libc_nano.a(libc_a-freer.o)
                                                  /Applications/ArmGNUToolchain/14.2.rel1/arm-none-eabi/bin/../lib/gcc/arm-none-eabi/14.2.1/../../../../arm-none-eabi/lib/thumb/v7e-m+fp/hard/libc_nano.a(libc_a-mallocr.o)
__preinit_array_end                               /Applications/ArmGNUToolchain/14.2.rel1/arm-none-eabi/bin/../lib/gcc/arm-none-eabi/14.2.1/../../../../arm-none-eabi/lib/thumb/v7e-m+fp/hard/libc_nano.a(libc_a-init.o)
__preinit_array_start                             /Applications/ArmGNUToolchain/14.2.rel1/arm-none-eabi/bin/../lib/gcc/arm-none-eabi/14.2.1/../../../../arm-none-eabi/lib/thumb/v7e-m+fp/hard/libc_nano.a(libc_a-init.o)
__register_frame_info                             /Applications/ArmGNUToolchain/14.2.rel1/arm-none-eabi/bin/../lib/gcc/arm-none-eabi/14.2.1/thumb/v7e-m+fp/hard/crtbegin.o
__retarget_lock_acquire                           /Applications/ArmGNUToolchain/14.2.rel1/arm-none-eabi/bin/../lib/gcc/arm-none-eabi/14.2.1/../../../../arm-none-eabi/lib/thumb/v7e-m+fp/hard/libc_nano.a(libc_a-lock.o)
__retarget_lock_acquire_recursive                 /Applications/ArmGNUToolchain/14.2.rel1/arm-none-eabi/bin/../lib/gcc/arm-none-eabi/14.2.1/../../../../arm-none-eabi/lib/thumb/v7e-m+fp/hard/libc_nano.a(libc_a-lock.o)
                                                  /Applications/ArmGNUToolchain/14.2.rel1/arm-none-eabi/bin/../lib/gcc/arm-none-eabi/14.2.1/../../../../arm-none-eabi/lib/thumb/v7e-m+fp/hard/libc_nano.a(libc_a-mlock.o)
                                                  /Applications/ArmGNUToolchain/14.2.rel1/arm-none-eabi/bin/../lib/gcc/arm-none-eabi/14.2.1/../../../../arm-none-eabi/lib/thumb/v7e-m+fp/hard/libc_nano.a(libc_a-fflush.o)